../Core/Src/main.c:118:6:HAL_TIM_PeriodElapsedCallback	16	static
../Core/Src/main.c:246:6:Mag_Control	16	static
../Core/Src/main.c:251:6:Read_Angles	8	static
../Core/Src/main.c:264:6:update_current_angle	32	static
../Core/Src/main.c:286:5:calculate_steps	32	static
../Core/Src/main.c:308:5:maxSteps	32	static
../Core/Src/main.c:324:6:angleControl	40	static
../Core/Src/main.c:427:6:autoHomeMotors	16	static
../Core/Src/main.c:474:6:setHomeAngles	4	static
../Core/Src/main.c:482:6:checkLimitSwitches	8	static
../Core/Src/main.c:527:5:main	8	static
../Core/Src/main.c:608:6:SystemClock_Config	152	static
../Core/Src/main.c:685:13:MX_I2C1_Init	8	static
../Core/Src/main.c:733:13:MX_I2C2_Init	8	static
../Core/Src/main.c:781:13:MX_I2C3_Init	8	static
../Core/Src/main.c:829:13:MX_TIM2_Init	40	static
../Core/Src/main.c:874:13:MX_TIM4_Init	40	static
../Core/Src/main.c:919:13:MX_GPIO_Init	48	static
../Core/Src/main.c:1005:6:Error_Handler	4	static,ignoring_inline_asm
