../Core/Src/main.c:108:6:HAL_TIM_PeriodElapsedCallback	16	static
../Core/Src/main.c:175:6:Mag_Control	16	static
../Core/Src/main.c:180:6:Read_Angles	8	static
../Core/Src/main.c:194:6:update_current_angle	32	static
../Core/Src/main.c:246:5:calculate_steps	24	static
../Core/Src/main.c:261:5:maxSteps	32	static
../Core/Src/main.c:277:6:angleControl	40	static
../Core/Src/main.c:341:6:autoHomeMotors	8	static
../Core/Src/main.c:365:6:setHomeAngles	4	static
../Core/Src/main.c:375:6:checkLimitSwitches	8	static
../Core/Src/main.c:410:5:main	8	static
../Core/Src/main.c:498:6:SystemClock_Config	152	static
../Core/Src/main.c:575:13:MX_I2C1_Init	8	static
../Core/Src/main.c:623:13:MX_I2C2_Init	8	static
../Core/Src/main.c:671:13:MX_I2C3_Init	8	static
../Core/Src/main.c:719:13:MX_TIM2_Init	40	static
../Core/Src/main.c:764:13:MX_TIM4_Init	40	static
../Core/Src/main.c:809:13:MX_GPIO_Init	48	static
../Core/Src/main.c:895:6:Error_Handler	4	static,ignoring_inline_asm
