../Core/Src/main.c:117:6:HAL_TIM_PeriodElapsedCallback	16	static
../Core/Src/main.c:216:6:Mag_Control	16	static
../Core/Src/main.c:221:6:Read_Angles	8	static
../Core/Src/main.c:234:6:update_current_angle	32	static
../Core/Src/main.c:255:5:calculate_steps	32	static
../Core/Src/main.c:277:5:maxSteps	32	static
../Core/Src/main.c:293:6:angleControl	40	static
../Core/Src/main.c:377:6:autoHomeMotors	8	static
../Core/Src/main.c:403:6:setHomeAngles	4	static
../Core/Src/main.c:411:6:checkLimitSwitches	8	static
../Core/Src/main.c:446:5:main	8	static
../Core/Src/main.c:524:6:SystemClock_Config	152	static
../Core/Src/main.c:601:13:MX_I2C1_Init	8	static
../Core/Src/main.c:649:13:MX_I2C2_Init	8	static
../Core/Src/main.c:697:13:MX_I2C3_Init	8	static
../Core/Src/main.c:745:13:MX_TIM2_Init	40	static
../Core/Src/main.c:790:13:MX_TIM4_Init	40	static
../Core/Src/main.c:835:13:MX_GPIO_Init	48	static
../Core/Src/main.c:921:6:Error_Handler	4	static,ignoring_inline_asm
