../Core/Src/main.c:186:6:HAL_TIM_PeriodElapsedCallback	16	static
../Core/Src/main.c:226:6:HAL_TIM_IC_CaptureCallback	24	static
../Core/Src/main.c:259:6:PID_Init	24	static
../Core/Src/main.c:268:7:PID_Compute	48	static
../Core/Src/main.c:311:6:Motor1_SetSpeed	24	static
../Core/Src/main.c:325:6:update_current_angle	32	static
../Core/Src/main.c:344:5:calculate_steps	32	static
../Core/Src/main.c:368:5:maxSteps	24	static
../Core/Src/main.c:383:6:angleControl	48	static
../Core/Src/main.c:456:6:autoHomeMotors	16	static
../Core/Src/main.c:505:6:setHomeAngles	4	static
../Core/Src/main.c:515:6:checkLimitSwitches	8	static
../Core/Src/main.c:554:6:decode_angles	56	static
../Core/Src/main.c:571:6:decode_angles_auto	48	static
../Core/Src/main.c:592:6:HAL_UART_RxCpltCallback	16	static
../Core/Src/main.c:647:5:main	8	static
../Core/Src/main.c:868:6:SystemClock_Config	72	static
../Core/Src/main.c:908:13:MX_TIM1_Init	96	static
../Core/Src/main.c:982:13:MX_TIM2_Init	32	static
../Core/Src/main.c:1027:13:MX_TIM3_Init	32	static
../Core/Src/main.c:1072:13:MX_TIM4_Init	56	static
../Core/Src/main.c:1121:13:MX_USART3_UART_Init	8	static
../Core/Src/main.c:1154:13:MX_GPIO_Init	40	static
../Core/Src/main.c:1209:6:Error_Handler	4	static,ignoring_inline_asm
