../Core/Src/main.c:186:6:HAL_TIM_PeriodElapsedCallback	8
../Core/Src/main.c:226:6:HAL_TIM_IC_CaptureCallback	5
../Core/Src/main.c:259:6:PID_Init	1
../Core/Src/main.c:268:7:PID_Compute	8
../Core/Src/main.c:311:6:Motor1_SetSpeed	2
../Core/Src/main.c:325:6:update_current_angle	4
../Core/Src/main.c:344:5:calculate_steps	3
../Core/Src/main.c:368:5:maxSteps	3
../Core/Src/main.c:383:6:angleControl	12
../Core/Src/main.c:456:6:autoHomeMotors	14
../Core/Src/main.c:505:6:setHomeAngles	1
../Core/Src/main.c:515:6:checkLimitSwitches	10
../Core/Src/main.c:554:6:decode_angles	4
../Core/Src/main.c:571:6:decode_angles_auto	3
../Core/Src/main.c:592:6:HAL_UART_RxCpltCallback	2
../Core/Src/main.c:647:5:main	38
../Core/Src/main.c:868:6:SystemClock_Config	3
../Core/Src/main.c:908:13:MX_TIM1_Init	7
../Core/Src/main.c:982:13:MX_TIM2_Init	4
../Core/Src/main.c:1027:13:MX_TIM3_Init	4
../Core/Src/main.c:1072:13:MX_TIM4_Init	3
../Core/Src/main.c:1121:13:MX_USART3_UART_Init	2
../Core/Src/main.c:1154:13:MX_GPIO_Init	1
../Core/Src/main.c:1209:6:Error_Handler	1
