Archive member included to satisfy reference by file (symbol)

C:/ST/STM32CubeIDE_1.16.0/STM32CubeIDE/plugins/com.st.stm32cube.ide.mcu.externaltools.gnu-tools-for-stm32.12.3.rel1.win32_1.0.200.202406191623/tools/bin/../lib/gcc/arm-none-eabi/12.3.1/../../../../arm-none-eabi/lib/thumb/v7-m/nofp\libc_nano.a(libc_a-exit.o)
                              C:/ST/STM32CubeIDE_1.16.0/STM32CubeIDE/plugins/com.st.stm32cube.ide.mcu.externaltools.gnu-tools-for-stm32.12.3.rel1.win32_1.0.200.202406191623/tools/bin/../lib/gcc/arm-none-eabi/12.3.1/../../../../arm-none-eabi/lib/thumb/v7-m/nofp/crt0.o (exit)
C:/ST/STM32CubeIDE_1.16.0/STM32CubeIDE/plugins/com.st.stm32cube.ide.mcu.externaltools.gnu-tools-for-stm32.12.3.rel1.win32_1.0.200.202406191623/tools/bin/../lib/gcc/arm-none-eabi/12.3.1/../../../../arm-none-eabi/lib/thumb/v7-m/nofp\libc_nano.a(libc_a-findfp.o)
                              C:/ST/STM32CubeIDE_1.16.0/STM32CubeIDE/plugins/com.st.stm32cube.ide.mcu.externaltools.gnu-tools-for-stm32.12.3.rel1.win32_1.0.200.202406191623/tools/bin/../lib/gcc/arm-none-eabi/12.3.1/../../../../arm-none-eabi/lib/thumb/v7-m/nofp\libc_nano.a(libc_a-exit.o) (__stdio_exit_handler)
C:/ST/STM32CubeIDE_1.16.0/STM32CubeIDE/plugins/com.st.stm32cube.ide.mcu.externaltools.gnu-tools-for-stm32.12.3.rel1.win32_1.0.200.202406191623/tools/bin/../lib/gcc/arm-none-eabi/12.3.1/../../../../arm-none-eabi/lib/thumb/v7-m/nofp\libc_nano.a(libc_a-fwalk.o)
                              C:/ST/STM32CubeIDE_1.16.0/STM32CubeIDE/plugins/com.st.stm32cube.ide.mcu.externaltools.gnu-tools-for-stm32.12.3.rel1.win32_1.0.200.202406191623/tools/bin/../lib/gcc/arm-none-eabi/12.3.1/../../../../arm-none-eabi/lib/thumb/v7-m/nofp\libc_nano.a(libc_a-findfp.o) (_fwalk_sglue)
C:/ST/STM32CubeIDE_1.16.0/STM32CubeIDE/plugins/com.st.stm32cube.ide.mcu.externaltools.gnu-tools-for-stm32.12.3.rel1.win32_1.0.200.202406191623/tools/bin/../lib/gcc/arm-none-eabi/12.3.1/../../../../arm-none-eabi/lib/thumb/v7-m/nofp\libc_nano.a(libc_a-stdio.o)
                              C:/ST/STM32CubeIDE_1.16.0/STM32CubeIDE/plugins/com.st.stm32cube.ide.mcu.externaltools.gnu-tools-for-stm32.12.3.rel1.win32_1.0.200.202406191623/tools/bin/../lib/gcc/arm-none-eabi/12.3.1/../../../../arm-none-eabi/lib/thumb/v7-m/nofp\libc_nano.a(libc_a-findfp.o) (__sread)
C:/ST/STM32CubeIDE_1.16.0/STM32CubeIDE/plugins/com.st.stm32cube.ide.mcu.externaltools.gnu-tools-for-stm32.12.3.rel1.win32_1.0.200.202406191623/tools/bin/../lib/gcc/arm-none-eabi/12.3.1/../../../../arm-none-eabi/lib/thumb/v7-m/nofp\libc_nano.a(libc_a-memset.o)
                              C:/ST/STM32CubeIDE_1.16.0/STM32CubeIDE/plugins/com.st.stm32cube.ide.mcu.externaltools.gnu-tools-for-stm32.12.3.rel1.win32_1.0.200.202406191623/tools/bin/../lib/gcc/arm-none-eabi/12.3.1/../../../../arm-none-eabi/lib/thumb/v7-m/nofp/crt0.o (memset)
C:/ST/STM32CubeIDE_1.16.0/STM32CubeIDE/plugins/com.st.stm32cube.ide.mcu.externaltools.gnu-tools-for-stm32.12.3.rel1.win32_1.0.200.202406191623/tools/bin/../lib/gcc/arm-none-eabi/12.3.1/../../../../arm-none-eabi/lib/thumb/v7-m/nofp\libc_nano.a(libc_a-closer.o)
                              C:/ST/STM32CubeIDE_1.16.0/STM32CubeIDE/plugins/com.st.stm32cube.ide.mcu.externaltools.gnu-tools-for-stm32.12.3.rel1.win32_1.0.200.202406191623/tools/bin/../lib/gcc/arm-none-eabi/12.3.1/../../../../arm-none-eabi/lib/thumb/v7-m/nofp\libc_nano.a(libc_a-stdio.o) (_close_r)
C:/ST/STM32CubeIDE_1.16.0/STM32CubeIDE/plugins/com.st.stm32cube.ide.mcu.externaltools.gnu-tools-for-stm32.12.3.rel1.win32_1.0.200.202406191623/tools/bin/../lib/gcc/arm-none-eabi/12.3.1/../../../../arm-none-eabi/lib/thumb/v7-m/nofp\libc_nano.a(libc_a-reent.o)
                              C:/ST/STM32CubeIDE_1.16.0/STM32CubeIDE/plugins/com.st.stm32cube.ide.mcu.externaltools.gnu-tools-for-stm32.12.3.rel1.win32_1.0.200.202406191623/tools/bin/../lib/gcc/arm-none-eabi/12.3.1/../../../../arm-none-eabi/lib/thumb/v7-m/nofp\libc_nano.a(libc_a-closer.o) (errno)
C:/ST/STM32CubeIDE_1.16.0/STM32CubeIDE/plugins/com.st.stm32cube.ide.mcu.externaltools.gnu-tools-for-stm32.12.3.rel1.win32_1.0.200.202406191623/tools/bin/../lib/gcc/arm-none-eabi/12.3.1/../../../../arm-none-eabi/lib/thumb/v7-m/nofp\libc_nano.a(libc_a-impure.o)
                              C:/ST/STM32CubeIDE_1.16.0/STM32CubeIDE/plugins/com.st.stm32cube.ide.mcu.externaltools.gnu-tools-for-stm32.12.3.rel1.win32_1.0.200.202406191623/tools/bin/../lib/gcc/arm-none-eabi/12.3.1/../../../../arm-none-eabi/lib/thumb/v7-m/nofp\libc_nano.a(libc_a-reent.o) (_impure_ptr)
C:/ST/STM32CubeIDE_1.16.0/STM32CubeIDE/plugins/com.st.stm32cube.ide.mcu.externaltools.gnu-tools-for-stm32.12.3.rel1.win32_1.0.200.202406191623/tools/bin/../lib/gcc/arm-none-eabi/12.3.1/../../../../arm-none-eabi/lib/thumb/v7-m/nofp\libc_nano.a(libc_a-lseekr.o)
[...]
Memory Configuration

Name             Origin             Length             Attributes
RAM              0x20000000         0x00005000         xrw
FLASH            0x08000000         0x00010000         xr
*default*        0x00000000         0xffffffff

Linker script and memory map

LOAD C:/ST/STM32CubeIDE_1.16.0/STM32CubeIDE/plugins/com.st.stm32cube.ide.mcu.externaltools.gnu-tools-for-stm32.12.3.rel1.win32_1.0.200.202406191623/tools/bin/../lib/gcc/arm-none-eabi/12.3.1/thumb/v7-m/nofp/crti.o
LOAD C:/ST/STM32CubeIDE_1.16.0/STM32CubeIDE/plugins/com.st.stm32cube.ide.mcu.externaltools.gnu-tools-for-stm32.12.3.rel1.win32_1.0.200.202406191623/tools/bin/../lib/gcc/arm-none-eabi/12.3.1/thumb/v7-m/nofp/crtbegin.o
LOAD C:/ST/STM32CubeIDE_1.16.0/STM32CubeIDE/plugins/com.st.stm32cube.ide.mcu.externaltools.gnu-tools-for-stm32.12.3.rel1.win32_1.0.200.202406191623/tools/bin/../lib/gcc/arm-none-eabi/12.3.1/../../../../arm-none-eabi/lib/thumb/v7-m/nofp/crt0.o
LOAD ./Core/Src/main.o
LOAD ./Core/Src/stm32f1xx_hal_msp.o
LOAD ./Core/Src/stm32f1xx_it.o
LOAD ./Core/Src/syscalls.o
LOAD ./Core/Src/sysmem.o
LOAD ./Core/Src/system_stm32f1xx.o
LOAD ./Core/Startup/startup_stm32f103c8tx.o
LOAD ./Drivers/STM32F1xx_HAL_Driver/Src/stm32f1xx_hal.o
LOAD ./Drivers/STM32F1xx_HAL_Driver/Src/stm32f1xx_hal_cortex.o
LOAD ./Drivers/STM32F1xx_HAL_Driver/Src/stm32f1xx_hal_dma.o
LOAD ./Drivers/STM32F1xx_HAL_Driver/Src/stm32f1xx_hal_exti.o
LOAD ./Drivers/STM32F1xx_HAL_Driver/Src/stm32f1xx_hal_flash.o
LOAD ./Drivers/STM32F1xx_HAL_Driver/Src/stm32f1xx_hal_flash_ex.o
LOAD ./Drivers/STM32F1xx_HAL_Driver/Src/stm32f1xx_hal_gpio.o
LOAD ./Drivers/STM32F1xx_HAL_Driver/Src/stm32f1xx_hal_gpio_ex.o
LOAD ./Drivers/STM32F1xx_HAL_Driver/Src/stm32f1xx_hal_pwr.o
LOAD ./Drivers/STM32F1xx_HAL_Driver/Src/stm32f1xx_hal_rcc.o
LOAD ./Drivers/STM32F1xx_HAL_Driver/Src/stm32f1xx_hal_rcc_ex.o
LOAD ./Drivers/STM32F1xx_HAL_Driver/Src/stm32f1xx_hal_tim.o
LOAD ./Drivers/STM32F1xx_HAL_Driver/Src/stm32f1xx_hal_tim_ex.o
LOAD ./Drivers/STM32F1xx_HAL_Driver/Src/stm32f1xx_hal_uart.o
START GROUP
LOAD C:/ST/STM32CubeIDE_1.16.0/STM32CubeIDE/plugins/com.st.stm32cube.ide.mcu.externaltools.gnu-tools-for-stm32.12.3.rel1.win32_1.0.200.202406191623/tools/bin/../lib/gcc/arm-none-eabi/12.3.1/../../../../arm-none-eabi/lib/thumb/v7-m/nofp\libc_nano.a
LOAD C:/ST/STM32CubeIDE_1.16.0/STM32CubeIDE/plugins/com.st.stm32cube.ide.mcu.externaltools.gnu-tools-for-stm32.12.3.rel1.win32_1.0.200.202406191623/tools/bin/../lib/gcc/arm-none-eabi/12.3.1/../../../../arm-none-eabi/lib/thumb/v7-m/nofp\libm.a
END GROUP
START GROUP
LOAD C:/ST/STM32CubeIDE_1.16.0/STM32CubeIDE/plugins/com.st.stm32cube.ide.mcu.externaltools.gnu-tools-for-stm32.12.3.rel1.win32_1.0.200.202406191623/tools/bin/../lib/gcc/arm-none-eabi/12.3.1/thumb/v7-m/nofp\libgcc.a
LOAD C:/ST/STM32CubeIDE_1.16.0/STM32CubeIDE/plugins/com.st.stm32cube.ide.mcu.externaltools.gnu-tools-for-stm32.12.3.rel1.win32_1.0.200.202406191623/tools/bin/../lib/gcc/arm-none-eabi/12.3.1/../../../../arm-none-eabi/lib/thumb/v7-m/nofp\libc_nano.a
END GROUP
START GROUP
LOAD C:/ST/STM32CubeIDE_1.16.0/STM32CubeIDE/plugins/com.st.stm32cube.ide.mcu.externaltools.gnu-tools-for-stm32.12.3.rel1.win32_1.0.200.202406191623/tools/bin/../lib/gcc/arm-none-eabi/12.3.1/thumb/v7-m/nofp\libgcc.a
LOAD C:/ST/STM32CubeIDE_1.16.0/STM32CubeIDE/plugins/com.st.stm32cube.ide.mcu.externaltools.gnu-tools-for-stm32.12.3.rel1.win32_1.0.200.202406191623/tools/bin/../lib/gcc/arm-none-eabi/12.3.1/../../../../arm-none-eabi/lib/thumb/v7-m/nofp\libc_nano.a
LOAD C:/ST/STM32CubeIDE_1.16.0/STM32CubeIDE/plugins/com.st.stm32cube.ide.mcu.externaltools.gnu-tools-for-stm32.12.3.rel1.win32_1.0.200.202406191623/tools/bin/../lib/gcc/arm-none-eabi/12.3.1/../../../../arm-none-eabi/lib/thumb/v7-m/nofp\libnosys.a
END GROUP
START GROUP
LOAD C:/ST/STM32CubeIDE_1.16.0/STM32CubeIDE/plugins/com.st.stm32cube.ide.mcu.externaltools.gnu-tools-for-stm32.12.3.rel1.win32_1.0.200.202406191623/tools/bin/../lib/gcc/arm-none-eabi/12.3.1/thumb/v7-m/nofp\libgcc.a
LOAD C:/ST/STM32CubeIDE_1.16.0/STM32CubeIDE/plugins/com.st.stm32cube.ide.mcu.externaltools.gnu-tools-for-stm32.12.3.rel1.win32_1.0.200.202406191623/tools/bin/../lib/gcc/arm-none-eabi/12.3.1/../../../../arm-none-eabi/lib/thumb/v7-m/nofp\libc_nano.a
LOAD C:/ST/STM32CubeIDE_1.16.0/STM32CubeIDE/plugins/com.st.stm32cube.ide.mcu.externaltools.gnu-tools-for-stm32.12.3.rel1.win32_1.0.200.202406191623/tools/bin/../lib/gcc/arm-none-eabi/12.3.1/../../../../arm-none-eabi/lib/thumb/v7-m/nofp\libnosys.a
END GROUP
LOAD C:/ST/STM32CubeIDE_1.16.0/STM32CubeIDE/plugins/com.st.stm32cube.ide.mcu.externaltools.gnu-tools-for-stm32.12.3.rel1.win32_1.0.200.202406191623/tools/bin/../lib/gcc/arm-none-eabi/12.3.1/thumb/v7-m/nofp/crtend.o
LOAD C:/ST/STM32CubeIDE_1.16.0/STM32CubeIDE/plugins/com.st.stm32cube.ide.mcu.externaltools.gnu-tools-for-stm32.12.3.rel1.win32_1.0.200.202406191623/tools/bin/../lib/gcc/arm-none-eabi/12.3.1/thumb/v7-m/nofp/crtn.o
                0x20005000                        _estack = (ORIGIN (RAM) + LENGTH (RAM))
                0x00000200                        _Min_Heap_Size = 0x200
                0x00000400                        _Min_Stack_Size = 0x400

.isr_vector     0x08000000      0x10c
                0x08000000                        . = ALIGN (0x4)
 *(.isr_vector)
 .isr_vector    0x08000000      0x10c ./Core/Startup/startup_stm32f103c8tx.o
                0x08000000                g_pfnVectors
                0x0800010c                        . = ALIGN (0x4)

.text           0x08000110     0x5ca8
                0x08000110                        . = ALIGN (0x4)
 *(.text)
 .text          0x08000110       0x40 C:/ST/STM32CubeIDE_1.16.0/STM32CubeIDE/plugins/com.st.stm32cube.ide.mcu.externaltools.gnu-tools-for-stm32.12.3.rel1.win32_1.0.200.202406191623/tools/bin/../lib/gcc/arm-none-eabi/12.3.1/thumb/v7-m/nofp/crtbegin.o
 .text          0x08000150      0x378 C:/ST/STM32CubeIDE_1.16.0/STM32CubeIDE/plugins/com.st.stm32cube.ide.mcu.externaltools.gnu-tools-for-stm32.12.3.rel1.win32_1.0.200.202406191623/tools/bin/../lib/gcc/arm-none-eabi/12.3.1/thumb/v7-m/nofp\libgcc.a(_arm_addsubdf3.o)
                0x08000150                __aeabi_drsub
                0x08000158                __aeabi_dsub
                0x08000158                __subdf3
                0x0800015c                __aeabi_dadd
                0x0800015c                __adddf3
                0x080003d4                __floatunsidf
                0x080003d4                __aeabi_ui2d
                0x080003f4                __floatsidf
                0x080003f4                __aeabi_i2d
                0x08000418                __aeabi_f2d
                0x08000418                __extendsfdf2
                0x0800045c                __floatundidf
                0x0800045c                __aeabi_ul2d
                0x0800046c                __floatdidf
                0x0800046c                __aeabi_l2d
 .text          0x080004c8      0x424 C:/ST/STM32CubeIDE_1.16.0/STM32CubeIDE/plugins/com.st.stm32cube.ide.mcu.externaltools.gnu-tools-for-stm32.12.3.rel1.win32_1.0.200.202406191623/tools/bin/../lib/gcc/arm-none-eabi/12.3.1/thumb/v7-m/nofp\libgcc.a(_arm_muldivdf3.o)
                0x080004c8                __aeabi_dmul
                0x080004c8                __muldf3
                0x0800071c                __divdf3
                0x0800071c                __aeabi_ddiv
 .text          0x080008ec       0x50 C:/ST/STM32CubeIDE_1.16.0/STM32CubeIDE/plugins/com.st.stm32cube.ide.mcu.externaltools.gnu-tools-for-stm32.12.3.rel1.win32_1.0.200.202406191623/tools/bin/../lib/gcc/arm-none-eabi/12.3.1/thumb/v7-m/nofp\libgcc.a(_arm_fixdfsi.o)
                0x080008ec                __aeabi_d2iz
                0x080008ec                __fixdfsi
 .text          0x0800093c       0xa0 C:/ST/STM32CubeIDE_1.16.0/STM32CubeIDE/plugins/com.st.stm32cube.ide.mcu.externaltools.gnu-tools-for-stm32.12.3.rel1.win32_1.0.200.202406191623/tools/bin/../lib/gcc/arm-none-eabi/12.3.1/thumb/v7-m/nofp\libgcc.a(_arm_truncdfsf2.o)
                0x0800093c                __truncdfsf2
                0x0800093c                __aeabi_d2f
 .text          0x080009dc      0x21c C:/ST/STM32CubeIDE_1.16.0/STM32CubeIDE/plugins/com.st.stm32cube.ide.mcu.externaltools.gnu-tools-for-stm32.12.3.rel1.win32_1.0.200.202406191623/tools/bin/../lib/gcc/arm-none-eabi/12.3.1/thumb/v7-m/nofp\libgcc.a(_arm_addsubsf3.o)
                0x080009dc                __aeabi_frsub
                0x080009e4                __subsf3
                0x080009e4                __aeabi_fsub
                0x080009e8                __aeabi_fadd
                0x080009e8                __addsf3
                0x08000b48                __aeabi_ui2f
                0x08000b48                __floatunsisf
                0x08000b50                __aeabi_i2f
                0x08000b50                __floatsisf
                0x08000b6c                __aeabi_ul2f
                0x08000b6c                __floatundisf
                0x08000b7c                __aeabi_l2f
                0x08000b7c                __floatdisf
 .text          0x08000bf8      0x2a0 C:/ST/STM32CubeIDE_1.16.0/STM32CubeIDE/plugins/com.st.stm32cube.ide.mcu.externaltools.gnu-tools-for-stm32.12.3.rel1.win32_1.0.200.202406191623/tools/bin/../lib/gcc/arm-none-eabi/12.3.1/thumb/v7-m/nofp\libgcc.a(_arm_muldivsf3.o)
                0x08000bf8                __mulsf3
                0x08000bf8                __aeabi_fmul
                0x08000d60                __aeabi_fdiv
                0x08000d60                __divsf3
 .text          0x08000e98       0xec C:/ST/STM32CubeIDE_1.16.0/STM32CubeIDE/plugins/com.st.stm32cube.ide.mcu.externaltools.gnu-tools-for-stm32.12.3.rel1.win32_1.0.200.202406191623/tools/bin/../lib/gcc/arm-none-eabi/12.3.1/thumb/v7-m/nofp\libgcc.a(_arm_cmpsf2.o)
                0x08000e98                __gesf2
                0x08000e98                __gtsf2
                0x08000ea0                __lesf2
                0x08000ea0                __ltsf2
                0x08000ea8                __nesf2
                0x08000ea8                __eqsf2
                0x08000ea8                __cmpsf2
                0x08000f08                __aeabi_cfrcmple
                0x08000f10                __aeabi_cfcmpeq
                0x08000f10                __aeabi_cfcmple
                0x08000f20                __aeabi_fcmpeq
                0x08000f34                __aeabi_fcmplt
                0x08000f48                __aeabi_fcmple
                0x08000f5c                __aeabi_fcmpge
                0x08000f70                __aeabi_fcmpgt
 .text          0x08000f84       0x4c C:/ST/STM32CubeIDE_1.16.0/STM32CubeIDE/plugins/com.st.stm32cube.ide.mcu.externaltools.gnu-tools-for-stm32.12.3.rel1.win32_1.0.200.202406191623/tools/bin/../lib/gcc/arm-none-eabi/12.3.1/thumb/v7-m/nofp\libgcc.a(_arm_fixsfsi.o)
                0x08000f84                __aeabi_f2iz
                0x08000f84                __fixsfsi
 .text          0x08000fd0       0x40 C:/ST/STM32CubeIDE_1.16.0/STM32CubeIDE/plugins/com.st.stm32cube.ide.mcu.externaltools.gnu-tools-for-stm32.12.3.rel1.win32_1.0.200.202406191623/tools/bin/../lib/gcc/arm-none-eabi/12.3.1/thumb/v7-m/nofp\libgcc.a(_arm_fixunssfsi.o)
                0x08000fd0                __fixunssfsi
                0x08000fd0                __aeabi_f2uiz
 *(.text*)
 .text.HAL_TIM_PeriodElapsedCallback
                0x08001010      0x114 ./Core/Src/main.o
                0x08001010                HAL_TIM_PeriodElapsedCallback
 .text.HAL_TIM_IC_CaptureCallback
                0x08001124      0x138 ./Core/Src/main.o
                0x08001124                HAL_TIM_IC_CaptureCallback
 .text.PID_Init
                0x0800125c       0x3a ./Core/Src/main.o
                0x0800125c                PID_Init
 *fill*         0x08001296        0x2 
 .text.PID_Compute
                0x08001298      0x178 ./Core/Src/main.o
                0x08001298                PID_Compute
 .text.Motor1_SetSpeed
                0x08001410       0x74 ./Core/Src/main.o
                0x08001410                Motor1_SetSpeed
 *fill*         0x08001484        0x4 
 .text.update_current_angle
                0x08001488       0xbc ./Core/Src/main.o
                0x08001488                update_current_angle
 *fill*         0x08001544        0x4 
 .text.calculate_steps
                0x08001548       0xbc ./Core/Src/main.o
                0x08001548                calculate_steps
 .text.maxSteps
                0x08001604       0x32 ./Core/Src/main.o
                0x08001604                maxSteps
 *fill*         0x08001636        0x2 
 .text.angleControl
                0x08001638      0x304 ./Core/Src/main.o
                0x08001638                angleControl
 .text.autoHomeMotors
                0x0800193c      0x16c ./Core/Src/main.o
                0x0800193c                autoHomeMotors
 .text.setHomeAngles
                0x08001aa8       0x50 ./Core/Src/main.o
                0x08001aa8                setHomeAngles
 .text.checkLimitSwitches
                0x08001af8      0x130 ./Core/Src/main.o
                0x08001af8                checkLimitSwitches
 .text.decode_angles_auto
                0x08001c28      0x160 ./Core/Src/main.o
                0x08001c28                decode_angles_auto
 .text.HAL_UART_RxCpltCallback
                0x08001d88      0x128 ./Core/Src/main.o
                0x08001d88                HAL_UART_RxCpltCallback
 .text.main     0x08001eb0      0x8d4 ./Core/Src/main.o
                0x08001eb0                main
 .text.SystemClock_Config
                0x08002784       0x8a ./Core/Src/main.o
                0x08002784                SystemClock_Config
 *fill*         0x0800280e        0x2 
 .text.MX_TIM1_Init
                0x08002810      0x13c ./Core/Src/main.o
 .text.MX_TIM2_Init
                0x0800294c       0x98 ./Core/Src/main.o
 .text.MX_TIM3_Init
                0x080029e4       0x9c ./Core/Src/main.o
 .text.MX_TIM4_Init
                0x08002a80       0xa8 ./Core/Src/main.o
 .text.MX_USART3_UART_Init
                0x08002b28       0x54 ./Core/Src/main.o
 .text.MX_GPIO_Init
                0x08002b7c       0xe4 ./Core/Src/main.o
 .text.Error_Handler
                0x08002c60        0xc ./Core/Src/main.o
                0x08002c60                Error_Handler
 .text.HAL_MspInit
                0x08002c6c       0x64 ./Core/Src/stm32f1xx_hal_msp.o
                0x08002c6c                HAL_MspInit
 .text.HAL_TIM_Base_MspInit
                0x08002cd0       0xa8 ./Core/Src/stm32f1xx_hal_msp.o
                0x08002cd0                HAL_TIM_Base_MspInit
 .text.HAL_TIM_Encoder_MspInit
                0x08002d78       0x8c ./Core/Src/stm32f1xx_hal_msp.o
                0x08002d78                HAL_TIM_Encoder_MspInit
 .text.HAL_TIM_MspPostInit
                0x08002e04       0x68 ./Core/Src/stm32f1xx_hal_msp.o
                0x08002e04                HAL_TIM_MspPostInit
 .text.HAL_UART_MspInit
                0x08002e6c       0xa8 ./Core/Src/stm32f1xx_hal_msp.o
                0x08002e6c                HAL_UART_MspInit
 .text.NMI_Handler
                0x08002f14        0x8 ./Core/Src/stm32f1xx_it.o
                0x08002f14                NMI_Handler
 .text.HardFault_Handler
                0x08002f1c        0x8 ./Core/Src/stm32f1xx_it.o
                0x08002f1c                HardFault_Handler
 .text.MemManage_Handler
                0x08002f24        0x8 ./Core/Src/stm32f1xx_it.o
                0x08002f24                MemManage_Handler
 .text.BusFault_Handler
                0x08002f2c        0x8 ./Core/Src/stm32f1xx_it.o
                0x08002f2c                BusFault_Handler
 .text.UsageFault_Handler
                0x08002f34        0x8 ./Core/Src/stm32f1xx_it.o
                0x08002f34                UsageFault_Handler
 .text.SVC_Handler
                0x08002f3c        0xc ./Core/Src/stm32f1xx_it.o
                0x08002f3c                SVC_Handler
 .text.DebugMon_Handler
                0x08002f48        0xc ./Core/Src/stm32f1xx_it.o
                0x08002f48                DebugMon_Handler
 .text.PendSV_Handler
                0x08002f54        0xc ./Core/Src/stm32f1xx_it.o
                0x08002f54                PendSV_Handler
 .text.SysTick_Handler
                0x08002f60        0xc ./Core/Src/stm32f1xx_it.o
                0x08002f60                SysTick_Handler
 .text.TIM2_IRQHandler
                0x08002f6c       0x14 ./Core/Src/stm32f1xx_it.o
                0x08002f6c                TIM2_IRQHandler
 .text.TIM3_IRQHandler
                0x08002f80       0x14 ./Core/Src/stm32f1xx_it.o
                0x08002f80                TIM3_IRQHandler
 .text.TIM4_IRQHandler
                0x08002f94       0x14 ./Core/Src/stm32f1xx_it.o
                0x08002f94                TIM4_IRQHandler
 .text.USART3_IRQHandler
                0x08002fa8       0x14 ./Core/Src/stm32f1xx_it.o
                0x08002fa8                USART3_IRQHandler
 .text.SystemInit
                0x08002fbc        0xc ./Core/Src/system_stm32f1xx.o
                0x08002fbc                SystemInit
 .text.Reset_Handler
                0x08002fc8       0x48 ./Core/Startup/startup_stm32f103c8tx.o
                0x08002fc8                Reset_Handler
 .text.Default_Handler
                0x08003010        0x2 ./Core/Startup/startup_stm32f103c8tx.o
                0x08003010                RTC_Alarm_IRQHandler
                0x08003010                EXTI2_IRQHandler
                0x08003010                TIM1_CC_IRQHandler
                0x08003010                PVD_IRQHandler
                0x08003010                EXTI3_IRQHandler
                0x08003010                EXTI0_IRQHandler
                0x08003010                I2C2_EV_IRQHandler
                0x08003010                ADC1_2_IRQHandler
                0x08003010                SPI1_IRQHandler
                0x08003010                TAMPER_IRQHandler
                0x08003010                DMA1_Channel4_IRQHandler
                0x08003010                RTC_IRQHandler
                0x08003010                DMA1_Channel7_IRQHandler
                0x08003010                CAN1_RX1_IRQHandler
                0x08003010                I2C1_EV_IRQHandler
                0x08003010                DMA1_Channel6_IRQHandler
                0x08003010                RCC_IRQHandler
                0x08003010                TIM1_TRG_COM_IRQHandler
                0x08003010                DMA1_Channel1_IRQHandler
                0x08003010                Default_Handler
                0x08003010                EXTI15_10_IRQHandler
                0x08003010                EXTI9_5_IRQHandler
                0x08003010                SPI2_IRQHandler
                0x08003010                DMA1_Channel5_IRQHandler
                0x08003010                EXTI4_IRQHandler
                0x08003010                USB_LP_CAN1_RX0_IRQHandler
                0x08003010                USB_HP_CAN1_TX_IRQHandler
                0x08003010                DMA1_Channel3_IRQHandler
                0x08003010                TIM1_UP_IRQHandler
                0x08003010                WWDG_IRQHandler
                0x08003010                TIM1_BRK_IRQHandler
                0x08003010                EXTI1_IRQHandler
                0x08003010                USART2_IRQHandler
                0x08003010                I2C2_ER_IRQHandler
                0x08003010                DMA1_Channel2_IRQHandler
                0x08003010                CAN1_SCE_IRQHandler
                0x08003010                FLASH_IRQHandler
                0x08003010                USART1_IRQHandler
                0x08003010                I2C1_ER_IRQHandler
                0x08003010                USBWakeUp_IRQHandler
 *fill*         0x08003012        0x2 
 .text.HAL_Init
                0x08003014       0x2c ./Drivers/STM32F1xx_HAL_Driver/Src/stm32f1xx_hal.o
                0x08003014                HAL_Init
 .text.HAL_InitTick
                0x08003040       0x60 ./Drivers/STM32F1xx_HAL_Driver/Src/stm32f1xx_hal.o
                0x08003040                HAL_InitTick
 .text.HAL_IncTick
                0x080030a0       0x24 ./Drivers/STM32F1xx_HAL_Driver/Src/stm32f1xx_hal.o
                0x080030a0                HAL_IncTick
 .text.HAL_GetTick
                0x080030c4       0x14 ./Drivers/STM32F1xx_HAL_Driver/Src/stm32f1xx_hal.o
                0x080030c4                HAL_GetTick
 .text.HAL_Delay
                0x080030d8       0x48 ./Drivers/STM32F1xx_HAL_Driver/Src/stm32f1xx_hal.o
                0x080030d8                HAL_Delay
 .text.__NVIC_SetPriorityGrouping
                0x08003120       0x48 ./Drivers/STM32F1xx_HAL_Driver/Src/stm32f1xx_hal_cortex.o
 .text.__NVIC_GetPriorityGrouping
                0x08003168       0x1c ./Drivers/STM32F1xx_HAL_Driver/Src/stm32f1xx_hal_cortex.o
 .text.__NVIC_EnableIRQ
                0x08003184       0x38 ./Drivers/STM32F1xx_HAL_Driver/Src/stm32f1xx_hal_cortex.o
 .text.__NVIC_SetPriority
                0x080031bc       0x54 ./Drivers/STM32F1xx_HAL_Driver/Src/stm32f1xx_hal_cortex.o
 .text.NVIC_EncodePriority
                0x08003210       0x64 ./Drivers/STM32F1xx_HAL_Driver/Src/stm32f1xx_hal_cortex.o
 .text.SysTick_Config
                0x08003274       0x44 ./Drivers/STM32F1xx_HAL_Driver/Src/stm32f1xx_hal_cortex.o
 .text.HAL_NVIC_SetPriorityGrouping
                0x080032b8       0x16 ./Drivers/STM32F1xx_HAL_Driver/Src/stm32f1xx_hal_cortex.o
                0x080032b8                HAL_NVIC_SetPriorityGrouping
 .text.HAL_NVIC_SetPriority
                0x080032ce       0x38 ./Drivers/STM32F1xx_HAL_Driver/Src/stm32f1xx_hal_cortex.o
                0x080032ce                HAL_NVIC_SetPriority
 .text.HAL_NVIC_EnableIRQ
                0x08003306       0x1c ./Drivers/STM32F1xx_HAL_Driver/Src/stm32f1xx_hal_cortex.o
                0x08003306                HAL_NVIC_EnableIRQ
 .text.HAL_SYSTICK_Config
                0x08003322       0x18 ./Drivers/STM32F1xx_HAL_Driver/Src/stm32f1xx_hal_cortex.o
                0x08003322                HAL_SYSTICK_Config
 .text.HAL_DMA_Abort
                0x0800333a       0x76 ./Drivers/STM32F1xx_HAL_Driver/Src/stm32f1xx_hal_dma.o
                0x0800333a                HAL_DMA_Abort
 .text.HAL_DMA_Abort_IT
                0x080033b0       0xf0 ./Drivers/STM32F1xx_HAL_Driver/Src/stm32f1xx_hal_dma.o
                0x080033b0                HAL_DMA_Abort_IT
 .text.HAL_GPIO_Init
                0x080034a0      0x308 ./Drivers/STM32F1xx_HAL_Driver/Src/stm32f1xx_hal_gpio.o
                0x080034a0                HAL_GPIO_Init
 .text.HAL_GPIO_ReadPin
                0x080037a8       0x2e ./Drivers/STM32F1xx_HAL_Driver/Src/stm32f1xx_hal_gpio.o
                0x080037a8                HAL_GPIO_ReadPin
 .text.HAL_GPIO_WritePin
                0x080037d6       0x30 ./Drivers/STM32F1xx_HAL_Driver/Src/stm32f1xx_hal_gpio.o
                0x080037d6                HAL_GPIO_WritePin
 .text.HAL_GPIO_TogglePin
                0x08003806       0x32 ./Drivers/STM32F1xx_HAL_Driver/Src/stm32f1xx_hal_gpio.o
                0x08003806                HAL_GPIO_TogglePin
 .text.HAL_RCC_OscConfig
                0x08003838      0x504 ./Drivers/STM32F1xx_HAL_Driver/Src/stm32f1xx_hal_rcc.o
                0x08003838                HAL_RCC_OscConfig
 .text.HAL_RCC_ClockConfig
                0x08003d3c      0x1d4 ./Drivers/STM32F1xx_HAL_Driver/Src/stm32f1xx_hal_rcc.o
                0x08003d3c                HAL_RCC_ClockConfig
 .text.HAL_RCC_GetSysClockFreq
                0x08003f10       0xa8 ./Drivers/STM32F1xx_HAL_Driver/Src/stm32f1xx_hal_rcc.o
                0x08003f10                HAL_RCC_GetSysClockFreq
 .text.HAL_RCC_GetHCLKFreq
                0x08003fb8       0x14 ./Drivers/STM32F1xx_HAL_Driver/Src/stm32f1xx_hal_rcc.o
                0x08003fb8                HAL_RCC_GetHCLKFreq
 .text.HAL_RCC_GetPCLK1Freq
                0x08003fcc       0x28 ./Drivers/STM32F1xx_HAL_Driver/Src/stm32f1xx_hal_rcc.o
                0x08003fcc                HAL_RCC_GetPCLK1Freq
 .text.HAL_RCC_GetPCLK2Freq
                0x08003ff4       0x28 ./Drivers/STM32F1xx_HAL_Driver/Src/stm32f1xx_hal_rcc.o
                0x08003ff4                HAL_RCC_GetPCLK2Freq
 .text.RCC_Delay
                0x0800401c       0x3c ./Drivers/STM32F1xx_HAL_Driver/Src/stm32f1xx_hal_rcc.o
 .text.HAL_TIM_Base_Init
                0x08004058       0x9e ./Drivers/STM32F1xx_HAL_Driver/Src/stm32f1xx_hal_tim.o
                0x08004058                HAL_TIM_Base_Init
 *fill*         0x080040f6        0x2 
 .text.HAL_TIM_Base_Start_IT
                0x080040f8       0xa4 ./Drivers/STM32F1xx_HAL_Driver/Src/stm32f1xx_hal_tim.o
                0x080040f8                HAL_TIM_Base_Start_IT
 .text.HAL_TIM_PWM_Init
                0x0800419c       0x9e ./Drivers/STM32F1xx_HAL_Driver/Src/stm32f1xx_hal_tim.o
                0x0800419c                HAL_TIM_PWM_Init
 .text.HAL_TIM_PWM_MspInit
                0x0800423a       0x12 ./Drivers/STM32F1xx_HAL_Driver/Src/stm32f1xx_hal_tim.o
                0x0800423a                HAL_TIM_PWM_MspInit
 .text.HAL_TIM_PWM_Start
                0x0800424c      0x144 ./Drivers/STM32F1xx_HAL_Driver/Src/stm32f1xx_hal_tim.o
                0x0800424c                HAL_TIM_PWM_Start
 .text.HAL_TIM_Encoder_Init
                0x08004390      0x144 ./Drivers/STM32F1xx_HAL_Driver/Src/stm32f1xx_hal_tim.o
                0x08004390                HAL_TIM_Encoder_Init
 .text.HAL_TIM_Encoder_Start_IT
                0x080044d4      0x15c ./Drivers/STM32F1xx_HAL_Driver/Src/stm32f1xx_hal_tim.o
                0x080044d4                HAL_TIM_Encoder_Start_IT
 .text.HAL_TIM_IRQHandler
                0x08004630      0x1e0 ./Drivers/STM32F1xx_HAL_Driver/Src/stm32f1xx_hal_tim.o
                0x08004630                HAL_TIM_IRQHandler
 .text.HAL_TIM_PWM_ConfigChannel
                0x08004810      0x184 ./Drivers/STM32F1xx_HAL_Driver/Src/stm32f1xx_hal_tim.o
                0x08004810                HAL_TIM_PWM_ConfigChannel
 .text.HAL_TIM_ConfigClockSource
                0x08004994      0x18e ./Drivers/STM32F1xx_HAL_Driver/Src/stm32f1xx_hal_tim.o
                0x08004994                HAL_TIM_ConfigClockSource
 .text.HAL_TIM_OC_DelayElapsedCallback
                0x08004b22       0x12 ./Drivers/STM32F1xx_HAL_Driver/Src/stm32f1xx_hal_tim.o
                0x08004b22                HAL_TIM_OC_DelayElapsedCallback
 .text.HAL_TIM_PWM_PulseFinishedCallback
                0x08004b34       0x12 ./Drivers/STM32F1xx_HAL_Driver/Src/stm32f1xx_hal_tim.o
                0x08004b34                HAL_TIM_PWM_PulseFinishedCallback
 .text.HAL_TIM_TriggerCallback
                0x08004b46       0x12 ./Drivers/STM32F1xx_HAL_Driver/Src/stm32f1xx_hal_tim.o
                0x08004b46                HAL_TIM_TriggerCallback
 .text.TIM_Base_SetConfig
                0x08004b58       0xdc ./Drivers/STM32F1xx_HAL_Driver/Src/stm32f1xx_hal_tim.o
                0x08004b58                TIM_Base_SetConfig
 .text.TIM_OC1_SetConfig
                0x08004c34       0xcc ./Drivers/STM32F1xx_HAL_Driver/Src/stm32f1xx_hal_tim.o
 .text.TIM_OC2_SetConfig
                0x08004d00       0xd4 ./Drivers/STM32F1xx_HAL_Driver/Src/stm32f1xx_hal_tim.o
                0x08004d00                TIM_OC2_SetConfig
 .text.TIM_OC3_SetConfig
                0x08004dd4       0xd4 ./Drivers/STM32F1xx_HAL_Driver/Src/stm32f1xx_hal_tim.o
 .text.TIM_OC4_SetConfig
                0x08004ea8       0x9c ./Drivers/STM32F1xx_HAL_Driver/Src/stm32f1xx_hal_tim.o
 .text.TIM_TI1_ConfigInputStage
                0x08004f44       0x5c ./Drivers/STM32F1xx_HAL_Driver/Src/stm32f1xx_hal_tim.o
 .text.TIM_TI2_ConfigInputStage
                0x08004fa0       0x5e ./Drivers/STM32F1xx_HAL_Driver/Src/stm32f1xx_hal_tim.o
 .text.TIM_ITRx_SetConfig
                0x08004ffe       0x34 ./Drivers/STM32F1xx_HAL_Driver/Src/stm32f1xx_hal_tim.o
 .text.TIM_ETR_SetConfig
                0x08005032       0x3e ./Drivers/STM32F1xx_HAL_Driver/Src/stm32f1xx_hal_tim.o
                0x08005032                TIM_ETR_SetConfig
 .text.TIM_CCxChannelCmd
                0x08005070       0x48 ./Drivers/STM32F1xx_HAL_Driver/Src/stm32f1xx_hal_tim.o
                0x08005070                TIM_CCxChannelCmd
 .text.HAL_TIMEx_MasterConfigSynchronization
                0x080050b8       0xbc ./Drivers/STM32F1xx_HAL_Driver/Src/stm32f1xx_hal_tim_ex.o
                0x080050b8                HAL_TIMEx_MasterConfigSynchronization
 .text.HAL_TIMEx_ConfigBreakDeadTime
                0x08005174       0xa2 ./Drivers/STM32F1xx_HAL_Driver/Src/stm32f1xx_hal_tim_ex.o
                0x08005174                HAL_TIMEx_ConfigBreakDeadTime
 .text.HAL_TIMEx_CommutCallback
                0x08005216       0x12 ./Drivers/STM32F1xx_HAL_Driver/Src/stm32f1xx_hal_tim_ex.o
                0x08005216                HAL_TIMEx_CommutCallback
 .text.HAL_TIMEx_BreakCallback
                0x08005228       0x12 ./Drivers/STM32F1xx_HAL_Driver/Src/stm32f1xx_hal_tim_ex.o
                0x08005228                HAL_TIMEx_BreakCallback
 .text.HAL_UART_Init
                0x0800523a       0xa0 ./Drivers/STM32F1xx_HAL_Driver/Src/stm32f1xx_hal_uart.o
                0x0800523a                HAL_UART_Init
 .text.HAL_UART_Receive_IT
                0x080052da       0x4a ./Drivers/STM32F1xx_HAL_Driver/Src/stm32f1xx_hal_uart.o
                0x080052da                HAL_UART_Receive_IT
 .text.HAL_UART_IRQHandler
                0x08005324      0x524 ./Drivers/STM32F1xx_HAL_Driver/Src/stm32f1xx_hal_uart.o
                0x08005324                HAL_UART_IRQHandler
 .text.HAL_UART_TxCpltCallback
                0x08005848       0x12 ./Drivers/STM32F1xx_HAL_Driver/Src/stm32f1xx_hal_uart.o
                0x08005848                HAL_UART_TxCpltCallback
 .text.HAL_UART_ErrorCallback
                0x0800585a       0x12 ./Drivers/STM32F1xx_HAL_Driver/Src/stm32f1xx_hal_uart.o
                0x0800585a                HAL_UART_ErrorCallback
 .text.HAL_UARTEx_RxEventCallback
                0x0800586c       0x16 ./Drivers/STM32F1xx_HAL_Driver/Src/stm32f1xx_hal_uart.o
                0x0800586c                HAL_UARTEx_RxEventCallback
 .text.UART_Start_Receive_IT
                0x08005882       0x72 ./Drivers/STM32F1xx_HAL_Driver/Src/stm32f1xx_hal_uart.o
                0x08005882                UART_Start_Receive_IT
 .text.UART_EndRxTransfer
                0x080058f4       0xc4 ./Drivers/STM32F1xx_HAL_Driver/Src/stm32f1xx_hal_uart.o
 .text.UART_DMAAbortOnError
                0x080059b8       0x28 ./Drivers/STM32F1xx_HAL_Driver/Src/stm32f1xx_hal_uart.o
 .text.UART_Transmit_IT
                0x080059e0       0x9e ./Drivers/STM32F1xx_HAL_Driver/Src/stm32f1xx_hal_uart.o
 .text.UART_EndTransmit_IT
                0x08005a7e       0x30 ./Drivers/STM32F1xx_HAL_Driver/Src/stm32f1xx_hal_uart.o
 .text.UART_Receive_IT
                0x08005aae      0x17c ./Drivers/STM32F1xx_HAL_Driver/Src/stm32f1xx_hal_uart.o
 *fill*         0x08005c2a        0x2 
 .text.UART_SetConfig
                0x08005c2c      0x11c ./Drivers/STM32F1xx_HAL_Driver/Src/stm32f1xx_hal_uart.o
 .text.memset   0x08005d48       0x10 C:/ST/STM32CubeIDE_1.16.0/STM32CubeIDE/plugins/com.st.stm32cube.ide.mcu.externaltools.gnu-tools-for-stm32.12.3.rel1.win32_1.0.200.202406191623/tools/bin/../lib/gcc/arm-none-eabi/12.3.1/../../../../arm-none-eabi/lib/thumb/v7-m/nofp\libc_nano.a(libc_a-memset.o)
                0x08005d48                memset
 .text.__libc_init_array
                0x08005d58       0x48 C:/ST/STM32CubeIDE_1.16.0/STM32CubeIDE/plugins/com.st.stm32cube.ide.mcu.externaltools.gnu-tools-for-stm32.12.3.rel1.win32_1.0.200.202406191623/tools/bin/../lib/gcc/arm-none-eabi/12.3.1/../../../../arm-none-eabi/lib/thumb/v7-m/nofp\libc_nano.a(libc_a-init.o)
                0x08005d58                __libc_init_array
 *(.glue_7)
 .glue_7        0x08005da0        0x0 linker stubs
 *(.glue_7t)
 .glue_7t       0x08005da0        0x0 linker stubs
 *(.eh_frame)
 .eh_frame      0x08005da0        0x0 C:/ST/STM32CubeIDE_1.16.0/STM32CubeIDE/plugins/com.st.stm32cube.ide.mcu.externaltools.gnu-tools-for-stm32.12.3.rel1.win32_1.0.200.202406191623/tools/bin/../lib/gcc/arm-none-eabi/12.3.1/thumb/v7-m/nofp/crtbegin.o
 *(.init)
 .init          0x08005da0        0x4 C:/ST/STM32CubeIDE_1.16.0/STM32CubeIDE/plugins/com.st.stm32cube.ide.mcu.externaltools.gnu-tools-for-stm32.12.3.rel1.win32_1.0.200.202406191623/tools/bin/../lib/gcc/arm-none-eabi/12.3.1/thumb/v7-m/nofp/crti.o
                0x08005da0                _init
 .init          0x08005da4        0x8 C:/ST/STM32CubeIDE_1.16.0/STM32CubeIDE/plugins/com.st.stm32cube.ide.mcu.externaltools.gnu-tools-for-stm32.12.3.rel1.win32_1.0.200.202406191623/tools/bin/../lib/gcc/arm-none-eabi/12.3.1/thumb/v7-m/nofp/crtn.o
 *(.fini)
 .fini          0x08005dac        0x4 C:/ST/STM32CubeIDE_1.16.0/STM32CubeIDE/plugins/com.st.stm32cube.ide.mcu.externaltools.gnu-tools-for-stm32.12.3.rel1.win32_1.0.200.202406191623/tools/bin/../lib/gcc/arm-none-eabi/12.3.1/thumb/v7-m/nofp/crti.o
                0x08005dac                _fini
 .fini          0x08005db0        0x8 C:/ST/STM32CubeIDE_1.16.0/STM32CubeIDE/plugins/com.st.stm32cube.ide.mcu.externaltools.gnu-tools-for-stm32.12.3.rel1.win32_1.0.200.202406191623/tools/bin/../lib/gcc/arm-none-eabi/12.3.1/thumb/v7-m/nofp/crtn.o
                0x08005db8                        . = ALIGN (0x4)
                0x08005db8                        _etext = .

.vfp11_veneer   0x08005db8        0x0
 .vfp11_veneer  0x08005db8        0x0 linker stubs

.v4_bx          0x08005db8        0x0
 .v4_bx         0x08005db8        0x0 linker stubs

.iplt           0x08005db8        0x0
 .iplt          0x08005db8        0x0 C:/ST/STM32CubeIDE_1.16.0/STM32CubeIDE/plugins/com.st.stm32cube.ide.mcu.externaltools.gnu-tools-for-stm32.12.3.rel1.win32_1.0.200.202406191623/tools/bin/../lib/gcc/arm-none-eabi/12.3.1/thumb/v7-m/nofp/crtbegin.o

.rodata         0x08005db8       0x2c
                0x08005db8                        . = ALIGN (0x4)
 *(.rodata)
 *(.rodata*)
 .rodata.AHBPrescTable
                0x08005db8       0x10 ./Core/Src/system_stm32f1xx.o
                0x08005db8                AHBPrescTable
 .rodata.APBPrescTable
                0x08005dc8        0x8 ./Core/Src/system_stm32f1xx.o
                0x08005dc8                APBPrescTable
 .rodata.aPLLMULFactorTable.1
                0x08005dd0       0x10 ./Drivers/STM32F1xx_HAL_Driver/Src/stm32f1xx_hal_rcc.o
 .rodata.aPredivFactorTable.0
                0x08005de0        0x2 ./Drivers/STM32F1xx_HAL_Driver/Src/stm32f1xx_hal_rcc.o
                0x08005de4                        . = ALIGN (0x4)
 *fill*         0x08005de2        0x2 

.ARM.extab      0x08005de4        0x0
                0x08005de4                        . = ALIGN (0x4)
 *(.ARM.extab* .gnu.linkonce.armextab.*)
                0x08005de4                        . = ALIGN (0x4)

.ARM            0x08005de4        0x0
                0x08005de4                        . = ALIGN (0x4)
                0x08005de4                        __exidx_start = .
 *(.ARM.exidx*)
                0x08005de4                        __exidx_end = .
                0x08005de4                        . = ALIGN (0x4)

.preinit_array  0x08005de4        0x0
                0x08005de4                        . = ALIGN (0x4)
                0x08005de4                        PROVIDE (__preinit_array_start = .)
 *(.preinit_array*)
                0x08005de4                        PROVIDE (__preinit_array_end = .)
                0x08005de4                        . = ALIGN (0x4)

.init_array     0x08005de4        0x4
                0x08005de4                        . = ALIGN (0x4)
                0x08005de4                        PROVIDE (__init_array_start = .)
 *(SORT_BY_NAME(.init_array.*))
 *(.init_array*)
 .init_array    0x08005de4        0x4 C:/ST/STM32CubeIDE_1.16.0/STM32CubeIDE/plugins/com.st.stm32cube.ide.mcu.externaltools.gnu-tools-for-stm32.12.3.rel1.win32_1.0.200.202406191623/tools/bin/../lib/gcc/arm-none-eabi/12.3.1/thumb/v7-m/nofp/crtbegin.o
                0x08005de8                        PROVIDE (__init_array_end = .)
                0x08005de8                        . = ALIGN (0x4)

.fini_array     0x08005de8        0x4
                0x08005de8                        . = ALIGN (0x4)
                [!provide]                        PROVIDE (__fini_array_start = .)
 *(SORT_BY_NAME(.fini_array.*))
 *(.fini_array*)
 .fini_array    0x08005de8        0x4 C:/ST/STM32CubeIDE_1.16.0/STM32CubeIDE/plugins/com.st.stm32cube.ide.mcu.externaltools.gnu-tools-for-stm32.12.3.rel1.win32_1.0.200.202406191623/tools/bin/../lib/gcc/arm-none-eabi/12.3.1/thumb/v7-m/nofp/crtbegin.o
                [!provide]                        PROVIDE (__fini_array_end = .)
                0x08005dec                        . = ALIGN (0x4)
                0x08005dec                        _sidata = LOADADDR (.data)

.rel.dyn        0x08005dec        0x0
 .rel.iplt      0x08005dec        0x0 C:/ST/STM32CubeIDE_1.16.0/STM32CubeIDE/plugins/com.st.stm32cube.ide.mcu.externaltools.gnu-tools-for-stm32.12.3.rel1.win32_1.0.200.202406191623/tools/bin/../lib/gcc/arm-none-eabi/12.3.1/thumb/v7-m/nofp/crtbegin.o

.data           0x20000000       0x18 load address 0x08005dec
                0x20000000                        . = ALIGN (0x4)
                0x20000000                        _sdata = .
 *(.data)
 *(.data*)
 .data.dir3     0x20000000        0x4 ./Core/Src/main.o
                0x20000000                dir3
 .data.target_angle_2
                0x20000004        0x4 ./Core/Src/main.o
                0x20000004                target_angle_2
 .data.target_angle_3
                0x20000008        0x4 ./Core/Src/main.o
                0x20000008                target_angle_3
 .data.SystemCoreClock
                0x2000000c        0x4 ./Core/Src/system_stm32f1xx.o
                0x2000000c                SystemCoreClock
 .data.uwTickPrio
                0x20000010        0x4 ./Drivers/STM32F1xx_HAL_Driver/Src/stm32f1xx_hal.o
                0x20000010                uwTickPrio
 .data.uwTickFreq
                0x20000014        0x1 ./Drivers/STM32F1xx_HAL_Driver/Src/stm32f1xx_hal.o
                0x20000014                uwTickFreq
 *(.RamFunc)
 *(.RamFunc*)
                0x20000018                        . = ALIGN (0x4)
 *fill*         0x20000015        0x3 
                0x20000018                        _edata = .

.igot.plt       0x20000018        0x0 load address 0x08005e04
 .igot.plt      0x20000018        0x0 C:/ST/STM32CubeIDE_1.16.0/STM32CubeIDE/plugins/com.st.stm32cube.ide.mcu.externaltools.gnu-tools-for-stm32.12.3.rel1.win32_1.0.200.202406191623/tools/bin/../lib/gcc/arm-none-eabi/12.3.1/thumb/v7-m/nofp/crtbegin.o
                0x20000018                        . = ALIGN (0x4)

.bss            0x20000018      0x32c load address 0x08005e04
                0x20000018                        _sbss = .
                0x20000018                        __bss_start__ = _sbss
 *(.bss)
 .bss           0x20000018       0x1c C:/ST/STM32CubeIDE_1.16.0/STM32CubeIDE/plugins/com.st.stm32cube.ide.mcu.externaltools.gnu-tools-for-stm32.12.3.rel1.win32_1.0.200.202406191623/tools/bin/../lib/gcc/arm-none-eabi/12.3.1/thumb/v7-m/nofp/crtbegin.o
 *(.bss*)
 .bss.htim1     0x20000034       0x48 ./Core/Src/main.o
                0x20000034                htim1
 .bss.htim2     0x2000007c       0x48 ./Core/Src/main.o
                0x2000007c                htim2
 .bss.htim3     0x200000c4       0x48 ./Core/Src/main.o
                0x200000c4                htim3
 .bss.htim4     0x2000010c       0x48 ./Core/Src/main.o
                0x2000010c                htim4
 .bss.huart3    0x20000154       0x48 ./Core/Src/main.o
                0x20000154                huart3
 .bss.angle1    0x2000019c        0x4 ./Core/Src/main.o
                0x2000019c                angle1
 .bss.angle2    0x200001a0        0x4 ./Core/Src/main.o
                0x200001a0                angle2
 .bss.angle3    0x200001a4        0x4 ./Core/Src/main.o
                0x200001a4                angle3
 .bss.error     0x200001a8        0x4 ./Core/Src/main.o
                0x200001a8                error
 .bss.HOME      0x200001ac        0x4 ./Core/Src/main.o
                0x200001ac                HOME
 .bss.countPulseL2
                0x200001b0        0x4 ./Core/Src/main.o
                0x200001b0                countPulseL2
 .bss.countPulseL3
                0x200001b4        0x4 ./Core/Src/main.o
                0x200001b4                countPulseL3
 .bss.a         0x200001b8        0x1 ./Core/Src/main.o
                0x200001b8                a
 .bss.b         0x200001b9        0x1 ./Core/Src/main.o
                0x200001b9                b
 .bss.c         0x200001ba        0x1 ./Core/Src/main.o
                0x200001ba                c
 *fill*         0x200001bb        0x1 
 .bss.f         0x200001bc        0x4 ./Core/Src/main.o
                0x200001bc                f
 .bss.g         0x200001c0        0x4 ./Core/Src/main.o
                0x200001c0                g
 .bss.h         0x200001c4        0x4 ./Core/Src/main.o
                0x200001c4                h
 .bss.i         0x200001c8        0x4 ./Core/Src/main.o
                0x200001c8                i
 .bss.dir2      0x200001cc        0x4 ./Core/Src/main.o
                0x200001cc                dir2
 .bss.dt        0x200001d0        0x4 ./Core/Src/main.o
                0x200001d0                dt
 .bss.angles    0x200001d4       0x48 ./Core/Src/main.o
                0x200001d4                angles
 .bss.angle1p1  0x2000021c        0x4 ./Core/Src/main.o
                0x2000021c                angle1p1
 .bss.angle2p1  0x20000220        0x4 ./Core/Src/main.o
                0x20000220                angle2p1
 .bss.angle3p1  0x20000224        0x4 ./Core/Src/main.o
                0x20000224                angle3p1
 .bss.angle1p2  0x20000228        0x4 ./Core/Src/main.o
                0x20000228                angle1p2
 .bss.angle2p2  0x2000022c        0x4 ./Core/Src/main.o
                0x2000022c                angle2p2
 .bss.angle3p2  0x20000230        0x4 ./Core/Src/main.o
                0x20000230                angle3p2
 .bss.angle1p3  0x20000234        0x4 ./Core/Src/main.o
                0x20000234                angle1p3
 .bss.angle2p3  0x20000238        0x4 ./Core/Src/main.o
                0x20000238                angle2p3
 .bss.angle3p3  0x2000023c        0x4 ./Core/Src/main.o
                0x2000023c                angle3p3
 .bss.angle1p4  0x20000240        0x4 ./Core/Src/main.o
                0x20000240                angle1p4
 .bss.angle2p4  0x20000244        0x4 ./Core/Src/main.o
                0x20000244                angle2p4
 .bss.angle3p4  0x20000248        0x4 ./Core/Src/main.o
                0x20000248                angle3p4
 .bss.angle1p5  0x2000024c        0x4 ./Core/Src/main.o
                0x2000024c                angle1p5
 .bss.angle2p5  0x20000250        0x4 ./Core/Src/main.o
                0x20000250                angle2p5
 .bss.angle3p5  0x20000254        0x4 ./Core/Src/main.o
                0x20000254                angle3p5
 .bss.angle1pt  0x20000258        0x4 ./Core/Src/main.o
                0x20000258                angle1pt
 .bss.angle2pt  0x2000025c        0x4 ./Core/Src/main.o
                0x2000025c                angle2pt
 .bss.angle3pt  0x20000260        0x4 ./Core/Src/main.o
                0x20000260                angle3pt
 .bss.angle1err
                0x20000264        0x4 ./Core/Src/main.o
                0x20000264                angle1err
 .bss.angle2err
                0x20000268        0x4 ./Core/Src/main.o
                0x20000268                angle2err
 .bss.angle3err
                0x2000026c        0x4 ./Core/Src/main.o
                0x2000026c                angle3err
 .bss.softCounter2
                0x20000270        0x4 ./Core/Src/main.o
                0x20000270                softCounter2
 .bss.softCounter3
                0x20000274        0x4 ./Core/Src/main.o
                0x20000274                softCounter3
 .bss.periodMotor2
                0x20000278        0x4 ./Core/Src/main.o
                0x20000278                periodMotor2
 .bss.periodMotor3
                0x2000027c        0x4 ./Core/Src/main.o
                0x2000027c                periodMotor3
 .bss.target_angle_1
                0x20000280        0x4 ./Core/Src/main.o
                0x20000280                target_angle_1
 .bss.steps_motor_1
                0x20000284        0x4 ./Core/Src/main.o
                0x20000284                steps_motor_1
 .bss.rx_data   0x20000288       0x7f ./Core/Src/main.o
                0x20000288                rx_data
 *fill*         0x20000307        0x1 
 .bss.receiveComplete
                0x20000308        0x4 ./Core/Src/main.o
                0x20000308                receiveComplete
 .bss.m1speed   0x2000030c        0x4 ./Core/Src/main.o
                0x2000030c                m1speed
 .bss.count     0x20000310        0x2 ./Core/Src/main.o
                0x20000310                count
 .bss.prev_count
                0x20000312        0x2 ./Core/Src/main.o
                0x20000312                prev_count
 .bss.delta     0x20000314        0x2 ./Core/Src/main.o
                0x20000314                delta
 *fill*         0x20000316        0x2 
 .bss.total_count
                0x20000318        0x4 ./Core/Src/main.o
                0x20000318                total_count
 .bss.home_count
                0x2000031c        0x4 ./Core/Src/main.o
                0x2000031c                home_count
 .bss.need_to_set_home
                0x20000320        0x4 ./Core/Src/main.o
                0x20000320                need_to_set_home
 .bss.prvstate  0x20000324        0x4 ./Core/Src/main.o
                0x20000324                prvstate
 .bss.curstate  0x20000328        0x4 ./Core/Src/main.o
                0x20000328                curstate
 .bss.pid       0x2000032c       0x14 ./Core/Src/main.o
                0x2000032c                pid
 .bss.uwTick    0x20000340        0x4 ./Drivers/STM32F1xx_HAL_Driver/Src/stm32f1xx_hal.o
                0x20000340                uwTick
 *(COMMON)
                0x20000344                        . = ALIGN (0x4)
                0x20000344                        _ebss = .
                0x20000344                        __bss_end__ = _ebss

._user_heap_stack
                0x20000344      0x604 load address 0x08005e04
                0x20000348                        . = ALIGN (0x8)
 *fill*         0x20000344        0x4 
                [!provide]                        PROVIDE (end = .)
                0x20000348                        PROVIDE (_end = .)
                0x20000548                        . = (. + _Min_Heap_Size)
 *fill*         0x20000348      0x200 
                0x20000948                        . = (. + _Min_Stack_Size)
 *fill*         0x20000548      0x400 
                0x20000948                        . = ALIGN (0x8)

/DISCARD/
 libc.a(*)
 libm.a(*)
 libgcc.a(*)

.ARM.attributes
                0x00000000       0x29
 *(.ARM.attributes)
 .ARM.attributes
                0x00000000       0x1d C:/ST/STM32CubeIDE_1.16.0/STM32CubeIDE/plugins/com.st.stm32cube.ide.mcu.externaltools.gnu-tools-for-stm32.12.3.rel1.win32_1.0.200.202406191623/tools/bin/../lib/gcc/arm-none-eabi/12.3.1/thumb/v7-m/nofp/crti.o
 .ARM.attributes
                0x0000001d       0x2d C:/ST/STM32CubeIDE_1.16.0/STM32CubeIDE/plugins/com.st.stm32cube.ide.mcu.externaltools.gnu-tools-for-stm32.12.3.rel1.win32_1.0.200.202406191623/tools/bin/../lib/gcc/arm-none-eabi/12.3.1/thumb/v7-m/nofp/crtbegin.o
 .ARM.attributes
                0x0000004a       0x2d ./Core/Src/main.o
 .ARM.attributes
                0x00000077       0x2d ./Core/Src/stm32f1xx_hal_msp.o
 .ARM.attributes
                0x000000a4       0x2d ./Core/Src/stm32f1xx_it.o
 .ARM.attributes
                0x000000d1       0x2d ./Core/Src/system_stm32f1xx.o
 .ARM.attributes
                0x000000fe       0x21 ./Core/Startup/startup_stm32f103c8tx.o
 .ARM.attributes
                0x0000011f       0x2d ./Drivers/STM32F1xx_HAL_Driver/Src/stm32f1xx_hal.o
 .ARM.attributes
                0x0000014c       0x2d ./Drivers/STM32F1xx_HAL_Driver/Src/stm32f1xx_hal_cortex.o
 .ARM.attributes
                0x00000179       0x2d ./Drivers/STM32F1xx_HAL_Driver/Src/stm32f1xx_hal_dma.o
 .ARM.attributes
                0x000001a6       0x2d ./Drivers/STM32F1xx_HAL_Driver/Src/stm32f1xx_hal_gpio.o
 .ARM.attributes
                0x000001d3       0x2d ./Drivers/STM32F1xx_HAL_Driver/Src/stm32f1xx_hal_rcc.o
 .ARM.attributes
                0x00000200       0x2d ./Drivers/STM32F1xx_HAL_Driver/Src/stm32f1xx_hal_tim.o
 .ARM.attributes
                0x0000022d       0x2d ./Drivers/STM32F1xx_HAL_Driver/Src/stm32f1xx_hal_tim_ex.o
 .ARM.attributes
                0x0000025a       0x2d ./Drivers/STM32F1xx_HAL_Driver/Src/stm32f1xx_hal_uart.o
 .ARM.attributes
                0x00000287       0x2d C:/ST/STM32CubeIDE_1.16.0/STM32CubeIDE/plugins/com.st.stm32cube.ide.mcu.externaltools.gnu-tools-for-stm32.12.3.rel1.win32_1.0.200.202406191623/tools/bin/../lib/gcc/arm-none-eabi/12.3.1/../../../../arm-none-eabi/lib/thumb/v7-m/nofp\libc_nano.a(libc_a-memset.o)
 .ARM.attributes
                0x000002b4       0x2d C:/ST/STM32CubeIDE_1.16.0/STM32CubeIDE/plugins/com.st.stm32cube.ide.mcu.externaltools.gnu-tools-for-stm32.12.3.rel1.win32_1.0.200.202406191623/tools/bin/../lib/gcc/arm-none-eabi/12.3.1/../../../../arm-none-eabi/lib/thumb/v7-m/nofp\libc_nano.a(libc_a-init.o)
 .ARM.attributes
                0x000002e1       0x1d C:/ST/STM32CubeIDE_1.16.0/STM32CubeIDE/plugins/com.st.stm32cube.ide.mcu.externaltools.gnu-tools-for-stm32.12.3.rel1.win32_1.0.200.202406191623/tools/bin/../lib/gcc/arm-none-eabi/12.3.1/thumb/v7-m/nofp\libgcc.a(_arm_addsubdf3.o)
 .ARM.attributes
                0x000002fe       0x1d C:/ST/STM32CubeIDE_1.16.0/STM32CubeIDE/plugins/com.st.stm32cube.ide.mcu.externaltools.gnu-tools-for-stm32.12.3.rel1.win32_1.0.200.202406191623/tools/bin/../lib/gcc/arm-none-eabi/12.3.1/thumb/v7-m/nofp\libgcc.a(_arm_muldivdf3.o)
 .ARM.attributes
                0x0000031b       0x1d C:/ST/STM32CubeIDE_1.16.0/STM32CubeIDE/plugins/com.st.stm32cube.ide.mcu.externaltools.gnu-tools-for-stm32.12.3.rel1.win32_1.0.200.202406191623/tools/bin/../lib/gcc/arm-none-eabi/12.3.1/thumb/v7-m/nofp\libgcc.a(_arm_fixdfsi.o)
 .ARM.attributes
                0x00000338       0x1d C:/ST/STM32CubeIDE_1.16.0/STM32CubeIDE/plugins/com.st.stm32cube.ide.mcu.externaltools.gnu-tools-for-stm32.12.3.rel1.win32_1.0.200.202406191623/tools/bin/../lib/gcc/arm-none-eabi/12.3.1/thumb/v7-m/nofp\libgcc.a(_arm_truncdfsf2.o)
 .ARM.attributes
                0x00000355       0x1d C:/ST/STM32CubeIDE_1.16.0/STM32CubeIDE/plugins/com.st.stm32cube.ide.mcu.externaltools.gnu-tools-for-stm32.12.3.rel1.win32_1.0.200.202406191623/tools/bin/../lib/gcc/arm-none-eabi/12.3.1/thumb/v7-m/nofp\libgcc.a(_arm_addsubsf3.o)
 .ARM.attributes
                0x00000372       0x1d C:/ST/STM32CubeIDE_1.16.0/STM32CubeIDE/plugins/com.st.stm32cube.ide.mcu.externaltools.gnu-tools-for-stm32.12.3.rel1.win32_1.0.200.202406191623/tools/bin/../lib/gcc/arm-none-eabi/12.3.1/thumb/v7-m/nofp\libgcc.a(_arm_muldivsf3.o)
 .ARM.attributes
                0x0000038f       0x1d C:/ST/STM32CubeIDE_1.16.0/STM32CubeIDE/plugins/com.st.stm32cube.ide.mcu.externaltools.gnu-tools-for-stm32.12.3.rel1.win32_1.0.200.202406191623/tools/bin/../lib/gcc/arm-none-eabi/12.3.1/thumb/v7-m/nofp\libgcc.a(_arm_cmpsf2.o)
 .ARM.attributes
                0x000003ac       0x1d C:/ST/STM32CubeIDE_1.16.0/STM32CubeIDE/plugins/com.st.stm32cube.ide.mcu.externaltools.gnu-tools-for-stm32.12.3.rel1.win32_1.0.200.202406191623/tools/bin/../lib/gcc/arm-none-eabi/12.3.1/thumb/v7-m/nofp\libgcc.a(_arm_fixsfsi.o)
 .ARM.attributes
                0x000003c9       0x1d C:/ST/STM32CubeIDE_1.16.0/STM32CubeIDE/plugins/com.st.stm32cube.ide.mcu.externaltools.gnu-tools-for-stm32.12.3.rel1.win32_1.0.200.202406191623/tools/bin/../lib/gcc/arm-none-eabi/12.3.1/thumb/v7-m/nofp\libgcc.a(_arm_fixunssfsi.o)
 .ARM.attributes
                0x000003e6       0x1d C:/ST/STM32CubeIDE_1.16.0/STM32CubeIDE/plugins/com.st.stm32cube.ide.mcu.externaltools.gnu-tools-for-stm32.12.3.rel1.win32_1.0.200.202406191623/tools/bin/../lib/gcc/arm-none-eabi/12.3.1/thumb/v7-m/nofp/crtn.o
OUTPUT(test_sensor.elf elf32-littlearm)
LOAD linker stubs
LOAD C:/ST/STM32CubeIDE_1.16.0/STM32CubeIDE/plugins/com.st.stm32cube.ide.mcu.externaltools.gnu-tools-for-stm32.12.3.rel1.win32_1.0.200.202406191623/tools/bin/../lib/gcc/arm-none-eabi/12.3.1/../../../../arm-none-eabi/lib/thumb/v7-m/nofp\libc.a
LOAD C:/ST/STM32CubeIDE_1.16.0/STM32CubeIDE/plugins/com.st.stm32cube.ide.mcu.externaltools.gnu-tools-for-stm32.12.3.rel1.win32_1.0.200.202406191623/tools/bin/../lib/gcc/arm-none-eabi/12.3.1/../../../../arm-none-eabi/lib/thumb/v7-m/nofp\libm.a
LOAD C:/ST/STM32CubeIDE_1.16.0/STM32CubeIDE/plugins/com.st.stm32cube.ide.mcu.externaltools.gnu-tools-for-stm32.12.3.rel1.win32_1.0.200.202406191623/tools/bin/../lib/gcc/arm-none-eabi/12.3.1/thumb/v7-m/nofp\libgcc.a

.debug_info     0x00000000     0xc967
 .debug_info    0x00000000     0x1c98 ./Core/Src/main.o
 .debug_info    0x00001c98      0xe3d ./Core/Src/stm32f1xx_hal_msp.o
 .debug_info    0x00002ad5      0x982 ./Core/Src/stm32f1xx_it.o
 .debug_info    0x00003457      0x222 ./Core/Src/system_stm32f1xx.o
 .debug_info    0x00003679       0x30 ./Core/Startup/startup_stm32f103c8tx.o
 .debug_info    0x000036a9      0x704 ./Drivers/STM32F1xx_HAL_Driver/Src/stm32f1xx_hal.o
 .debug_info    0x00003dad      0xa87 ./Drivers/STM32F1xx_HAL_Driver/Src/stm32f1xx_hal_cortex.o
 .debug_info    0x00004834      0x6d2 ./Drivers/STM32F1xx_HAL_Driver/Src/stm32f1xx_hal_dma.o
 .debug_info    0x00004f06      0x5ab ./Drivers/STM32F1xx_HAL_Driver/Src/stm32f1xx_hal_gpio.o
 .debug_info    0x000054b1      0x7d5 ./Drivers/STM32F1xx_HAL_Driver/Src/stm32f1xx_hal_rcc.o
 .debug_info    0x00005c86     0x2959 ./Drivers/STM32F1xx_HAL_Driver/Src/stm32f1xx_hal_tim.o
 .debug_info    0x000085df     0x149b ./Drivers/STM32F1xx_HAL_Driver/Src/stm32f1xx_hal_tim_ex.o
 .debug_info    0x00009a7a     0x2eed ./Drivers/STM32F1xx_HAL_Driver/Src/stm32f1xx_hal_uart.o

.debug_abbrev   0x00000000     0x1c0f
 .debug_abbrev  0x00000000      0x381 ./Core/Src/main.o
 .debug_abbrev  0x00000381      0x21e ./Core/Src/stm32f1xx_hal_msp.o
 .debug_abbrev  0x0000059f      0x19b ./Core/Src/stm32f1xx_it.o
 .debug_abbrev  0x0000073a      0x13f ./Core/Src/system_stm32f1xx.o
 .debug_abbrev  0x00000879       0x24 ./Core/Startup/startup_stm32f103c8tx.o
 .debug_abbrev  0x0000089d      0x201 ./Drivers/STM32F1xx_HAL_Driver/Src/stm32f1xx_hal.o
 .debug_abbrev  0x00000a9e      0x2f8 ./Drivers/STM32F1xx_HAL_Driver/Src/stm32f1xx_hal_cortex.o
 .debug_abbrev  0x00000d96      0x20b ./Drivers/STM32F1xx_HAL_Driver/Src/stm32f1xx_hal_dma.o
 .debug_abbrev  0x00000fa1      0x1ca ./Drivers/STM32F1xx_HAL_Driver/Src/stm32f1xx_hal_gpio.o
 .debug_abbrev  0x0000116b      0x2b3 ./Drivers/STM32F1xx_HAL_Driver/Src/stm32f1xx_hal_rcc.o
 .debug_abbrev  0x0000141e      0x277 ./Drivers/STM32F1xx_HAL_Driver/Src/stm32f1xx_hal_tim.o
 .debug_abbrev  0x00001695      0x282 ./Drivers/STM32F1xx_HAL_Driver/Src/stm32f1xx_hal_tim_ex.o
 .debug_abbrev  0x00001917      0x2f8 ./Drivers/STM32F1xx_HAL_Driver/Src/stm32f1xx_hal_uart.o

.debug_aranges  0x00000000      0xc88
 .debug_aranges
                0x00000000       0xd8 ./Core/Src/main.o
 .debug_aranges
                0x000000d8       0x58 ./Core/Src/stm32f1xx_hal_msp.o
 .debug_aranges
                0x00000130       0x80 ./Core/Src/stm32f1xx_it.o
 .debug_aranges
                0x000001b0       0x28 ./Core/Src/system_stm32f1xx.o
 .debug_aranges
                0x000001d8       0x28 ./Core/Startup/startup_stm32f103c8tx.o
 .debug_aranges
                0x00000200       0xe0 ./Drivers/STM32F1xx_HAL_Driver/Src/stm32f1xx_hal.o
 .debug_aranges
                0x000002e0      0x100 ./Drivers/STM32F1xx_HAL_Driver/Src/stm32f1xx_hal_cortex.o
 .debug_aranges
                0x000003e0       0x80 ./Drivers/STM32F1xx_HAL_Driver/Src/stm32f1xx_hal_dma.o
 .debug_aranges
                0x00000460       0x58 ./Drivers/STM32F1xx_HAL_Driver/Src/stm32f1xx_hal_gpio.o
 .debug_aranges
                0x000004b8       0x90 ./Drivers/STM32F1xx_HAL_Driver/Src/stm32f1xx_hal_rcc.o
 .debug_aranges
                0x00000548      0x3d0 ./Drivers/STM32F1xx_HAL_Driver/Src/stm32f1xx_hal_tim.o
 .debug_aranges
                0x00000918      0x168 ./Drivers/STM32F1xx_HAL_Driver/Src/stm32f1xx_hal_tim_ex.o
 .debug_aranges
                0x00000a80      0x208 ./Drivers/STM32F1xx_HAL_Driver/Src/stm32f1xx_hal_uart.o

.debug_rnglists
                0x00000000      0x9e5
 .debug_rnglists
                0x00000000       0xaf ./Core/Src/main.o
 .debug_rnglists
                0x000000af       0x40 ./Core/Src/stm32f1xx_hal_msp.o
 .debug_rnglists
                0x000000ef       0x5b ./Core/Src/stm32f1xx_it.o
 .debug_rnglists
                0x0000014a       0x1a ./Core/Src/system_stm32f1xx.o
 .debug_rnglists
                0x00000164       0x19 ./Core/Startup/startup_stm32f103c8tx.o
 .debug_rnglists
                0x0000017d       0xa3 ./Drivers/STM32F1xx_HAL_Driver/Src/stm32f1xx_hal.o
 .debug_rnglists
                0x00000220       0xbb ./Drivers/STM32F1xx_HAL_Driver/Src/stm32f1xx_hal_cortex.o
 .debug_rnglists
                0x000002db       0x64 ./Drivers/STM32F1xx_HAL_Driver/Src/stm32f1xx_hal_dma.o
 .debug_rnglists
                0x0000033f       0x3f ./Drivers/STM32F1xx_HAL_Driver/Src/stm32f1xx_hal_gpio.o
 .debug_rnglists
                0x0000037e       0x6c ./Drivers/STM32F1xx_HAL_Driver/Src/stm32f1xx_hal_rcc.o
 .debug_rnglists
                0x000003ea      0x31a ./Drivers/STM32F1xx_HAL_Driver/Src/stm32f1xx_hal_tim.o
 .debug_rnglists
                0x00000704      0x125 ./Drivers/STM32F1xx_HAL_Driver/Src/stm32f1xx_hal_tim_ex.o
 .debug_rnglists
                0x00000829      0x1bc ./Drivers/STM32F1xx_HAL_Driver/Src/stm32f1xx_hal_uart.o

.debug_macro    0x00000000    0x177c2
 .debug_macro   0x00000000      0x2e5 ./Core/Src/main.o
 .debug_macro   0x000002e5      0xaa8 ./Core/Src/main.o
 .debug_macro   0x00000d8d      0x21b ./Core/Src/main.o
 .debug_macro   0x00000fa8       0x2e ./Core/Src/main.o
 .debug_macro   0x00000fd6       0x22 ./Core/Src/main.o
 .debug_macro   0x00000ff8       0x22 ./Core/Src/main.o
 .debug_macro   0x0000101a       0x8e ./Core/Src/main.o
 .debug_macro   0x000010a8       0x51 ./Core/Src/main.o
 .debug_macro   0x000010f9      0x103 ./Core/Src/main.o
 .debug_macro   0x000011fc       0x6a ./Core/Src/main.o
 .debug_macro   0x00001266      0x1df ./Core/Src/main.o
 .debug_macro   0x00001445       0x1c ./Core/Src/main.o
 .debug_macro   0x00001461       0x22 ./Core/Src/main.o
 .debug_macro   0x00001483       0xbd ./Core/Src/main.o
 .debug_macro   0x00001540      0xd23 ./Core/Src/main.o
 .debug_macro   0x00002263     0xe09e ./Core/Src/main.o
 .debug_macro   0x00010301       0x6d ./Core/Src/main.o
 .debug_macro   0x0001036e     0x34a2 ./Core/Src/main.o
 .debug_macro   0x00013810      0x189 ./Core/Src/main.o
 .debug_macro   0x00013999       0x5c ./Core/Src/main.o
 .debug_macro   0x000139f5      0x5bc ./Core/Src/main.o
 .debug_macro   0x00013fb1      0x289 ./Core/Src/main.o
 .debug_macro   0x0001423a      0x1cb ./Core/Src/main.o
 .debug_macro   0x00014405      0x114 ./Core/Src/main.o
 .debug_macro   0x00014519      0x1b2 ./Core/Src/main.o
 .debug_macro   0x000146cb       0x27 ./Core/Src/main.o
 .debug_macro   0x000146f2      0x136 ./Core/Src/main.o
 .debug_macro   0x00014828      0x1bc ./Core/Src/main.o
 .debug_macro   0x000149e4       0x34 ./Core/Src/main.o
 .debug_macro   0x00014a18       0x3c ./Core/Src/main.o
 .debug_macro   0x00014a54       0x57 ./Core/Src/main.o
 .debug_macro   0x00014aab       0x87 ./Core/Src/main.o
 .debug_macro   0x00014b32      0x240 ./Core/Src/main.o
 .debug_macro   0x00014d72      0x140 ./Core/Src/main.o
 .debug_macro   0x00014eb2      0x8ed ./Core/Src/main.o
 .debug_macro   0x0001579f      0x28e ./Core/Src/main.o
 .debug_macro   0x00015a2d       0x83 ./Core/Src/main.o
 .debug_macro   0x00015ab0       0x70 ./Core/Src/main.o
 .debug_macro   0x00015b20       0x24 ./Core/Src/main.o
 .debug_macro   0x00015b44       0x61 ./Core/Src/main.o
 .debug_macro   0x00015ba5       0x43 ./Core/Src/main.o
 .debug_macro   0x00015be8       0x34 ./Core/Src/main.o
 .debug_macro   0x00015c1c       0x16 ./Core/Src/main.o
 .debug_macro   0x00015c32       0x35 ./Core/Src/main.o
 .debug_macro   0x00015c67       0x16 ./Core/Src/main.o
 .debug_macro   0x00015c7d       0x43 ./Core/Src/main.o
 .debug_macro   0x00015cc0       0x34 ./Core/Src/main.o
 .debug_macro   0x00015cf4       0x10 ./Core/Src/main.o
 .debug_macro   0x00015d04       0x58 ./Core/Src/main.o
 .debug_macro   0x00015d5c       0x8e ./Core/Src/main.o
 .debug_macro   0x00015dea       0x1c ./Core/Src/main.o
 .debug_macro   0x00015e06      0x177 ./Core/Src/main.o
 .debug_macro   0x00015f7d      0x369 ./Core/Src/main.o
 .debug_macro   0x000162e6       0x16 ./Core/Src/main.o
 .debug_macro   0x000162fc       0x29 ./Core/Src/main.o
 .debug_macro   0x00016325       0x16 ./Core/Src/main.o
 .debug_macro   0x0001633b       0x20 ./Core/Src/main.o
 .debug_macro   0x0001635b      0x19b ./Core/Src/main.o
 .debug_macro   0x000164f6      0x1b2 ./Core/Src/stm32f1xx_hal_msp.o
 .debug_macro   0x000166a8      0x1bc ./Core/Src/stm32f1xx_it.o
 .debug_macro   0x00016864      0x1a3 ./Core/Src/system_stm32f1xx.o
 .debug_macro   0x00016a07      0x1c7 ./Drivers/STM32F1xx_HAL_Driver/Src/stm32f1xx_hal.o
 .debug_macro   0x00016bce      0x1a3 ./Drivers/STM32F1xx_HAL_Driver/Src/stm32f1xx_hal_cortex.o
 .debug_macro   0x00016d71      0x1a3 ./Drivers/STM32F1xx_HAL_Driver/Src/stm32f1xx_hal_dma.o
 .debug_macro   0x00016f14      0x20e ./Drivers/STM32F1xx_HAL_Driver/Src/stm32f1xx_hal_gpio.o
 .debug_macro   0x00017122      0x1b5 ./Drivers/STM32F1xx_HAL_Driver/Src/stm32f1xx_hal_rcc.o
 .debug_macro   0x000172d7      0x1a4 ./Drivers/STM32F1xx_HAL_Driver/Src/stm32f1xx_hal_tim.o
 .debug_macro   0x0001747b      0x1a3 ./Drivers/STM32F1xx_HAL_Driver/Src/stm32f1xx_hal_tim_ex.o
 .debug_macro   0x0001761e      0x1a4 ./Drivers/STM32F1xx_HAL_Driver/Src/stm32f1xx_hal_uart.o

.debug_line     0x00000000     0xe01a
 .debug_line    0x00000000     0x15ef ./Core/Src/main.o
 .debug_line    0x000015ef      0x84f ./Core/Src/stm32f1xx_hal_msp.o
 .debug_line    0x00001e3e      0x827 ./Core/Src/stm32f1xx_it.o
 .debug_line    0x00002665      0x783 ./Core/Src/system_stm32f1xx.o
 .debug_line    0x00002de8       0x78 ./Core/Startup/startup_stm32f103c8tx.o
 .debug_line    0x00002e60      0x9b0 ./Drivers/STM32F1xx_HAL_Driver/Src/stm32f1xx_hal.o
 .debug_line    0x00003810      0xb9c ./Drivers/STM32F1xx_HAL_Driver/Src/stm32f1xx_hal_cortex.o
 .debug_line    0x000043ac      0xe09 ./Drivers/STM32F1xx_HAL_Driver/Src/stm32f1xx_hal_dma.o
 .debug_line    0x000051b5      0xa49 ./Drivers/STM32F1xx_HAL_Driver/Src/stm32f1xx_hal_gpio.o
 .debug_line    0x00005bfe      0xdb9 ./Drivers/STM32F1xx_HAL_Driver/Src/stm32f1xx_hal_rcc.o
 .debug_line    0x000069b7     0x34d5 ./Drivers/STM32F1xx_HAL_Driver/Src/stm32f1xx_hal_tim.o
 .debug_line    0x00009e8c     0x18ff ./Drivers/STM32F1xx_HAL_Driver/Src/stm32f1xx_hal_tim_ex.o
 .debug_line    0x0000b78b     0x288f ./Drivers/STM32F1xx_HAL_Driver/Src/stm32f1xx_hal_uart.o

.debug_str      0x00000000    0x8a8c1
 .debug_str     0x00000000    0x88030 ./Core/Src/main.o
                              0x884e0 (size before relaxing)
 .debug_str     0x00088030      0x3ad ./Core/Src/stm32f1xx_hal_msp.o
                              0x84375 (size before relaxing)
 .debug_str     0x000883dd      0x132 ./Core/Src/stm32f1xx_it.o
                              0x83fec (size before relaxing)
 .debug_str     0x0008850f       0x7e ./Core/Src/system_stm32f1xx.o
                              0x83705 (size before relaxing)
 .debug_str     0x0008858d       0x44 ./Core/Startup/startup_stm32f103c8tx.o
                                 0x6e (size before relaxing)
 .debug_str     0x000885d1      0x384 ./Drivers/STM32F1xx_HAL_Driver/Src/stm32f1xx_hal.o
                              0x83e38 (size before relaxing)
 .debug_str     0x00088955      0x28a ./Drivers/STM32F1xx_HAL_Driver/Src/stm32f1xx_hal_cortex.o
                              0x83d84 (size before relaxing)
 .debug_str     0x00088bdf      0x230 ./Drivers/STM32F1xx_HAL_Driver/Src/stm32f1xx_hal_dma.o
                              0x83aae (size before relaxing)
 .debug_str     0x00088e0f      0x2bd ./Drivers/STM32F1xx_HAL_Driver/Src/stm32f1xx_hal_gpio.o
                              0x83a8b (size before relaxing)
 .debug_str     0x000890cc      0x229 ./Drivers/STM32F1xx_HAL_Driver/Src/stm32f1xx_hal_rcc.o
                              0x83b34 (size before relaxing)
 .debug_str     0x000892f5      0xc14 ./Drivers/STM32F1xx_HAL_Driver/Src/stm32f1xx_hal_tim.o
                              0x84b36 (size before relaxing)
 .debug_str     0x00089f09      0x3e1 ./Drivers/STM32F1xx_HAL_Driver/Src/stm32f1xx_hal_tim_ex.o
                              0x84342 (size before relaxing)
 .debug_str     0x0008a2ea      0x5d7 ./Drivers/STM32F1xx_HAL_Driver/Src/stm32f1xx_hal_uart.o
                              0x841a5 (size before relaxing)

.comment        0x00000000       0x43
 .comment       0x00000000       0x43 ./Core/Src/main.o
                                 0x44 (size before relaxing)
 .comment       0x00000043       0x44 ./Core/Src/stm32f1xx_hal_msp.o
 .comment       0x00000043       0x44 ./Core/Src/stm32f1xx_it.o
 .comment       0x00000043       0x44 ./Core/Src/system_stm32f1xx.o
 .comment       0x00000043       0x44 ./Drivers/STM32F1xx_HAL_Driver/Src/stm32f1xx_hal.o
 .comment       0x00000043       0x44 ./Drivers/STM32F1xx_HAL_Driver/Src/stm32f1xx_hal_cortex.o
 .comment       0x00000043       0x44 ./Drivers/STM32F1xx_HAL_Driver/Src/stm32f1xx_hal_dma.o
 .comment       0x00000043       0x44 ./Drivers/STM32F1xx_HAL_Driver/Src/stm32f1xx_hal_gpio.o
 .comment       0x00000043       0x44 ./Drivers/STM32F1xx_HAL_Driver/Src/stm32f1xx_hal_rcc.o
 .comment       0x00000043       0x44 ./Drivers/STM32F1xx_HAL_Driver/Src/stm32f1xx_hal_tim.o
 .comment       0x00000043       0x44 ./Drivers/STM32F1xx_HAL_Driver/Src/stm32f1xx_hal_tim_ex.o
 .comment       0x00000043       0x44 ./Drivers/STM32F1xx_HAL_Driver/Src/stm32f1xx_hal_uart.o

.debug_frame    0x00000000     0x3790
 .debug_frame   0x00000000      0x370 ./Core/Src/main.o
 .debug_frame   0x00000370      0x134 ./Core/Src/stm32f1xx_hal_msp.o
 .debug_frame   0x000004a4      0x174 ./Core/Src/stm32f1xx_it.o
 .debug_frame   0x00000618       0x58 ./Core/Src/system_stm32f1xx.o
 .debug_frame   0x00000670      0x334 ./Drivers/STM32F1xx_HAL_Driver/Src/stm32f1xx_hal.o
 .debug_frame   0x000009a4      0x428 ./Drivers/STM32F1xx_HAL_Driver/Src/stm32f1xx_hal_cortex.o
 .debug_frame   0x00000dcc      0x208 ./Drivers/STM32F1xx_HAL_Driver/Src/stm32f1xx_hal_dma.o
 .debug_frame   0x00000fd4      0x14c ./Drivers/STM32F1xx_HAL_Driver/Src/stm32f1xx_hal_gpio.o
 .debug_frame   0x00001120      0x218 ./Drivers/STM32F1xx_HAL_Driver/Src/stm32f1xx_hal_rcc.o
 .debug_frame   0x00001338     0x11b8 ./Drivers/STM32F1xx_HAL_Driver/Src/stm32f1xx_hal_tim.o
 .debug_frame   0x000024f0      0x638 ./Drivers/STM32F1xx_HAL_Driver/Src/stm32f1xx_hal_tim_ex.o
 .debug_frame   0x00002b28      0x944 ./Drivers/STM32F1xx_HAL_Driver/Src/stm32f1xx_hal_uart.o
 .debug_frame   0x0000346c       0x20 C:/ST/STM32CubeIDE_1.16.0/STM32CubeIDE/plugins/com.st.stm32cube.ide.mcu.externaltools.gnu-tools-for-stm32.12.3.rel1.win32_1.0.200.202406191623/tools/bin/../lib/gcc/arm-none-eabi/12.3.1/../../../../arm-none-eabi/lib/thumb/v7-m/nofp\libc_nano.a(libc_a-memset.o)
 .debug_frame   0x0000348c       0x2c C:/ST/STM32CubeIDE_1.16.0/STM32CubeIDE/plugins/com.st.stm32cube.ide.mcu.externaltools.gnu-tools-for-stm32.12.3.rel1.win32_1.0.200.202406191623/tools/bin/../lib/gcc/arm-none-eabi/12.3.1/../../../../arm-none-eabi/lib/thumb/v7-m/nofp\libc_nano.a(libc_a-init.o)
 .debug_frame   0x000034b8       0xac C:/ST/STM32CubeIDE_1.16.0/STM32CubeIDE/plugins/com.st.stm32cube.ide.mcu.externaltools.gnu-tools-for-stm32.12.3.rel1.win32_1.0.200.202406191623/tools/bin/../lib/gcc/arm-none-eabi/12.3.1/thumb/v7-m/nofp\libgcc.a(_arm_addsubdf3.o)
 .debug_frame   0x00003564       0x50 C:/ST/STM32CubeIDE_1.16.0/STM32CubeIDE/plugins/com.st.stm32cube.ide.mcu.externaltools.gnu-tools-for-stm32.12.3.rel1.win32_1.0.200.202406191623/tools/bin/../lib/gcc/arm-none-eabi/12.3.1/thumb/v7-m/nofp\libgcc.a(_arm_muldivdf3.o)
 .debug_frame   0x000035b4       0x24 C:/ST/STM32CubeIDE_1.16.0/STM32CubeIDE/plugins/com.st.stm32cube.ide.mcu.externaltools.gnu-tools-for-stm32.12.3.rel1.win32_1.0.200.202406191623/tools/bin/../lib/gcc/arm-none-eabi/12.3.1/thumb/v7-m/nofp\libgcc.a(_arm_fixdfsi.o)
 .debug_frame   0x000035d8       0x24 C:/ST/STM32CubeIDE_1.16.0/STM32CubeIDE/plugins/com.st.stm32cube.ide.mcu.externaltools.gnu-tools-for-stm32.12.3.rel1.win32_1.0.200.202406191623/tools/bin/../lib/gcc/arm-none-eabi/12.3.1/thumb/v7-m/nofp\libgcc.a(_arm_truncdfsf2.o)
 .debug_frame   0x000035fc       0x4c C:/ST/STM32CubeIDE_1.16.0/STM32CubeIDE/plugins/com.st.stm32cube.ide.mcu.externaltools.gnu-tools-for-stm32.12.3.rel1.win32_1.0.200.202406191623/tools/bin/../lib/gcc/arm-none-eabi/12.3.1/thumb/v7-m/nofp\libgcc.a(_arm_addsubsf3.o)
 .debug_frame   0x00003648       0x38 C:/ST/STM32CubeIDE_1.16.0/STM32CubeIDE/plugins/com.st.stm32cube.ide.mcu.externaltools.gnu-tools-for-stm32.12.3.rel1.win32_1.0.200.202406191623/tools/bin/../lib/gcc/arm-none-eabi/12.3.1/thumb/v7-m/nofp\libgcc.a(_arm_muldivsf3.o)
 .debug_frame   0x00003680       0xc8 C:/ST/STM32CubeIDE_1.16.0/STM32CubeIDE/plugins/com.st.stm32cube.ide.mcu.externaltools.gnu-tools-for-stm32.12.3.rel1.win32_1.0.200.202406191623/tools/bin/../lib/gcc/arm-none-eabi/12.3.1/thumb/v7-m/nofp\libgcc.a(_arm_cmpsf2.o)
 .debug_frame   0x00003748       0x24 C:/ST/STM32CubeIDE_1.16.0/STM32CubeIDE/plugins/com.st.stm32cube.ide.mcu.externaltools.gnu-tools-for-stm32.12.3.rel1.win32_1.0.200.202406191623/tools/bin/../lib/gcc/arm-none-eabi/12.3.1/thumb/v7-m/nofp\libgcc.a(_arm_fixsfsi.o)
 .debug_frame   0x0000376c       0x24 C:/ST/STM32CubeIDE_1.16.0/STM32CubeIDE/plugins/com.st.stm32cube.ide.mcu.externaltools.gnu-tools-for-stm32.12.3.rel1.win32_1.0.200.202406191623/tools/bin/../lib/gcc/arm-none-eabi/12.3.1/thumb/v7-m/nofp\libgcc.a(_arm_fixunssfsi.o)

.debug_line_str
                0x00000000       0x52
 .debug_line_str
                0x00000000       0x52 ./Core/Startup/startup_stm32f103c8tx.o
