../Core/Src/main.c:114:6:HAL_TIM_PeriodElapsedCallback	14
../Core/Src/main.c:198:5:char_to_int	1
../Core/Src/main.c:203:6:Mag_Control	1
../Core/Src/main.c:208:6:update_current_angle	6
../Core/Src/main.c:230:5:calculate_steps	3
../Core/Src/main.c:257:5:maxSteps	3
../Core/Src/main.c:273:6:angleControl	13
../Core/Src/main.c:376:6:autoHomeMotors	13
../Core/Src/main.c:423:6:setHomeAngles	1
../Core/Src/main.c:431:6:checkLimitSwitches	8
../Core/Src/main.c:468:6:decode_angles	4
../Core/Src/main.c:485:6:HAL_UART_RxCpltCallback	2
../Core/Src/main.c:517:5:main	1
../Core/Src/main.c:571:6:SystemClock_Config	3
../Core/Src/main.c:611:13:MX_I2C1_Init	2
../Core/Src/main.c:645:13:MX_TIM2_Init	4
../Core/Src/main.c:690:13:MX_TIM3_Init	4
../Core/Src/main.c:735:13:MX_USART3_UART_Init	2
../Core/Src/main.c:768:13:MX_GPIO_Init	1
../Core/Src/main.c:810:6:Error_Handler	1
