../Core/Src/main.c:114:6:HAL_TIM_PeriodElapsedCallback	16	static
../Core/Src/main.c:198:5:char_to_int	16	static
../Core/Src/main.c:203:6:Mag_Control	16	static
../Core/Src/main.c:208:6:update_current_angle	32	static
../Core/Src/main.c:230:5:calculate_steps	32	static
../Core/Src/main.c:257:5:maxSteps	32	static
../Core/Src/main.c:273:6:angleControl	48	static
../Core/Src/main.c:376:6:autoHomeMotors	16	static
../Core/Src/main.c:423:6:setHomeAngles	4	static
../Core/Src/main.c:431:6:checkLimitSwitches	8	static
../Core/Src/main.c:468:6:decode_angles	56	static
../Core/Src/main.c:485:6:HAL_UART_RxCpltCallback	16	static
../Core/Src/main.c:517:5:main	8	static
../Core/Src/main.c:571:6:SystemClock_Config	72	static
../Core/Src/main.c:611:13:MX_I2C1_Init	8	static
../Core/Src/main.c:645:13:MX_TIM2_Init	32	static
../Core/Src/main.c:690:13:MX_TIM3_Init	32	static
../Core/Src/main.c:735:13:MX_USART3_UART_Init	8	static
../Core/Src/main.c:768:13:MX_GPIO_Init	40	static
../Core/Src/main.c:810:6:Error_Handler	4	static,ignoring_inline_asm
